2026-03-23 21:18:38,691 | INFO | ================================================================================
2026-03-23 21:18:38,691 | INFO | Displacement Classification Model Training
2026-03-23 21:18:38,691 | INFO | Started at 2026-03-23T21:18:38.691312
2026-03-23 21:18:38,691 | INFO | ================================================================================
2026-03-23 21:18:38,691 | INFO | Loading order result from /home/litao/Coffee/data/data1031/order_result.csv
2026-03-23 21:19:11,373 | INFO |   Loaded 7,312,498 orders
2026-03-23 21:19:11,378 | INFO |   Closures after Aug-2020 filter: 41
2026-03-23 21:19:11,387 | INFO |   Closures with registry status=kept: 22/41
2026-03-23 21:19:11,416 | INFO | Loaded 120,841 no-push members
2026-03-23 21:19:11,416 | INFO | Loading member demographics from /home/litao/Coffee/data/data1031/member_result.csv
2026-03-23 21:19:12,318 | INFO |   Loaded 809,751 members
2026-03-23 21:19:12,568 | INFO |   Saved encoding map (147 entries) → /home/litao/Coffee/model-free/data/intermediate/demo_encoding_map.csv
2026-03-23 21:19:25,277 | INFO | 
Pre-filtering data to exact panel members across all closures...
2026-03-23 21:19:25,280 | INFO | Loaded closure pair registry from CSV: /home/litao/Coffee/model-free/outputs/customer-store/closure_pair_registry.csv (kept rows: 22/22)
2026-03-23 21:34:47,094 | INFO |   Treatment members (union):  8,441
2026-03-23 21:34:47,094 | INFO |   Control members (union):    38,276
2026-03-23 21:34:47,094 | INFO |   Total panel members:        46,717
2026-03-23 21:34:50,406 | INFO |   df_order_full: 7,312,498 → 1,295,899 rows
2026-03-23 21:34:50,406 | INFO | 
Building training panel (4 pre-periods of length D=closure_duration_days)...
2026-03-23 21:34:50,409 | INFO | Loaded closure pair registry from CSV: /home/litao/Coffee/model-free/outputs/customer-store/closure_pair_registry.csv (kept rows: 22/22)
2026-03-23 21:34:53,169 | INFO |   Never-treated control pool: 113,954 customers
2026-03-23 21:34:53,668 | INFO |   Earliest order date in data: 2020-06-01
2026-03-23 21:34:53,668 | INFO |   Closure 1/22...
2026-03-23 21:50:18,733 | INFO |   Panel: 216,198 rows, 44,858 unique members
2026-03-23 21:50:18,736 | INFO |   Label distribution: {0: 141132, 1: 75066}
2026-03-23 21:50:18,994 | INFO | 
Building ex-ante t0 scoring panel (both groups)...
2026-03-23 21:50:18,998 | INFO | Loaded closure pair registry from CSV: /home/litao/Coffee/model-free/outputs/customer-store/closure_pair_registry.csv (kept rows: 22/22)
2026-03-23 21:50:19,091 | INFO |   Never-treated control pool: 113,954 customers
2026-03-23 22:05:32,026 | INFO |   Ex-ante panel: 44,858 rows, 44,858 unique members
2026-03-23 22:05:32,332 | INFO |   push_features: building push event table (10 CSV file(s))...
2026-03-23 22:06:43,045 | INFO |   push_features: saved 2,243,432 rows → /home/litao/Coffee/outputs/displacement_classification/cache/push_events_filtered_627cdb41c1ab1011.parquet
2026-03-23 22:06:43,186 | INFO | 
Computing features (vectorized)...
2026-03-23 22:06:43,187 | INFO |   Push features: sorting push events and building purchase-day index...
2026-03-23 22:06:49,406 | INFO |   110 (closure × period) groups across 44,858 unique members — iterating over 78 unique period_start dates...
2026-03-23 22:06:49,409 | INFO |   period_start 1/78  date=2020-10-30
2026-03-23 23:31:53,404 | INFO |   period_start 10/78  date=2021-01-10
2026-03-24 01:12:33,938 | INFO |   period_start 20/78  date=2021-03-30
2026-03-24 03:05:45,683 | INFO |   period_start 30/78  date=2021-05-23
2026-03-24 05:01:37,772 | INFO |   period_start 40/78  date=2021-06-13
2026-03-24 06:58:06,552 | INFO |   period_start 50/78  date=2021-06-30
2026-03-24 08:55:20,941 | INFO |   period_start 60/78  date=2021-07-15
2026-03-24 10:54:15,898 | INFO |   period_start 70/78  date=2021-07-27
2026-03-24 12:43:04,696 | INFO |   Merging behavioral features back onto panel...
2026-03-24 12:43:05,518 | INFO |   Done. Feature matrix: 216,198 rows × 106 columns
2026-03-24 12:43:05,735 | INFO | 
Computing features (vectorized)...
2026-03-24 12:43:05,736 | INFO |   Push features: sorting push events and building purchase-day index...
2026-03-24 12:43:09,017 | INFO |   22 (closure × period) groups across 44,858 unique members — iterating over 17 unique period_start dates...
2026-03-24 12:43:09,018 | INFO |   period_start 1/17  date=2021-01-30
2026-03-24 14:24:44,270 | INFO |   period_start 10/17  date=2021-07-27
2026-03-24 16:03:17,683 | INFO |   Merging behavioral features back onto panel...
2026-03-24 16:03:17,802 | INFO |   Done. Feature matrix: 44,858 rows × 107 columns
2026-03-24 16:03:18,712 | INFO |   feature_matrix_cache: saved training 216,198 rows → /home/litao/Coffee/outputs/displacement_classification/cache/features_training_ae32158f08a99abd.parquet
2026-03-24 16:03:18,890 | INFO |   feature_matrix_cache: saved t0 44,858 rows → /home/litao/Coffee/outputs/displacement_classification/cache/features_t0_ae32158f08a99abd.parquet
2026-03-24 16:03:18,891 | INFO | 
================================================================================
2026-03-24 16:03:18,891 | INFO | Variable Statistics (mean, min, max)
2026-03-24 16:03:18,891 | INFO | ================================================================================
2026-03-24 16:03:18,892 | INFO |   total_purchase_days_pre: mean=17.1427, min=1.0000, max=395.0000
2026-03-24 16:03:18,895 | INFO |   purchases_per_week_all_pre: mean=0.3300, min=0.0158, max=6.7936
2026-03-24 16:03:18,898 | INFO |   purchases_per_week_last_4w: mean=0.3904, min=0.0000, max=7.2500
2026-03-24 16:03:18,901 | INFO |   purchases_per_week_last_2w: mean=0.3983, min=0.0000, max=7.5000
2026-03-24 16:03:18,904 | INFO |   purchases_per_week_last_1w: mean=0.4216, min=0.0000, max=8.0000
2026-03-24 16:03:18,904 | INFO |   days_since_last_purchase: mean=64.7587, min=1.0000, max=439.0000
2026-03-24 16:03:18,905 | INFO |   purchased_in_last_7_days: mean=0.2307, min=0.0000, max=1.0000
2026-03-24 16:03:18,906 | INFO |   purchased_in_last_14_days: mean=0.3488, min=0.0000, max=1.0000
2026-03-24 16:03:18,907 | INFO |   total_orders_pre: mean=18.6774, min=1.0000, max=2883.0000
2026-03-24 16:03:18,909 | INFO |   total_spend_pre: mean=2320.9428, min=32.3000, max=967916.9000
2026-03-24 16:03:18,912 | INFO |   total_spend_last_4w: mean=224.2358, min=0.0000, max=166794.2000
2026-03-24 16:03:18,915 | INFO |   total_spend_last_2w: mean=114.7899, min=0.0000, max=96332.9000
2026-03-24 16:03:18,917 | INFO |   mean_inter_purchase_interval_days: mean=23.8759, min=0.0000, max=424.0000
2026-03-24 16:03:18,919 | INFO |   std_inter_purchase_interval_days: mean=26.6532, min=0.0000, max=270.8219
2026-03-24 16:03:18,921 | INFO |   max_gap_between_purchases: mean=79.0435, min=0.0000, max=424.0000
2026-03-24 16:03:18,923 | INFO |   cv_inter_purchase_interval: mean=1.1566, min=0.0000, max=5.8179
2026-03-24 16:03:18,924 | INFO |   longest_consecutive_streak_days: mean=2.1050, min=1.0000, max=162.0000
2026-03-24 16:03:18,926 | INFO |   share_weeks_with_purchase: mean=0.2131, min=0.0156, max=1.0476
2026-03-24 16:03:18,927 | INFO |   modal_purchase_dow: mean=2.2866, min=0.0000, max=6.0000
2026-03-24 16:03:18,929 | INFO |   share_purchases_dow0: mean=0.1546, min=0.0000, max=1.0000
2026-03-24 16:03:18,932 | INFO |   share_purchases_dow1: mean=0.1569, min=0.0000, max=1.0000
2026-03-24 16:03:18,934 | INFO |   share_purchases_dow2: mean=0.1564, min=0.0000, max=1.0000
2026-03-24 16:03:18,936 | INFO |   share_purchases_dow3: mean=0.1560, min=0.0000, max=1.0000
2026-03-24 16:03:18,939 | INFO |   share_purchases_dow4: mean=0.1664, min=0.0000, max=1.0000
2026-03-24 16:03:18,941 | INFO |   share_purchases_dow5: mean=0.1122, min=0.0000, max=1.0000
2026-03-24 16:03:18,944 | INFO |   share_purchases_dow6: mean=0.0975, min=0.0000, max=1.0000
2026-03-24 16:03:18,946 | INFO |   entropy_dow: mean=1.4447, min=-0.0000, max=1.9459
2026-03-24 16:03:18,948 | INFO |   avg_basket_size: mean=1.5813, min=1.0000, max=19.2000
2026-03-24 16:03:18,951 | INFO |   n_order_categories_avg: mean=1.2138, min=1.0000, max=3.0000
2026-03-24 16:03:18,952 | INFO |   unique_stores_pre: mean=1.8109, min=1.0000, max=16.0000
2026-03-24 16:03:18,955 | INFO |   preferred_store_ratio: mean=0.9313, min=0.2500, max=1.0000
2026-03-24 16:03:18,957 | INFO |   second_store_ratio: mean=0.0575, min=0.0000, max=0.5000
2026-03-24 16:03:18,960 | INFO |   avg_discount_per_order: mean=3.4361, min=2.3333, max=4.0000
2026-03-24 16:03:18,962 | INFO |   coupon_usage_rate: mean=0.7765, min=0.0000, max=1.0000
2026-03-24 16:03:18,964 | INFO |   avg_coffee_num: mean=0.9287, min=0.0000, max=11.0000
2026-03-24 16:03:18,967 | INFO |   avg_food_num: mean=0.1425, min=0.0000, max=8.8000
2026-03-24 16:03:18,969 | INFO |   avg_use_coffee_wallet: mean=0.0749, min=0.0000, max=8.1667
2026-03-24 16:03:18,971 | INFO |   avg_delivery_pay: mean=0.7776, min=0.0000, max=6.0000
2026-03-24 16:03:18,974 | INFO |   coffee_share_orders: mean=0.7417, min=0.0000, max=1.0000
2026-03-24 16:03:18,977 | INFO |   take_address_rate: mean=0.1427, min=0.0000, max=1.0000
2026-03-24 16:03:18,979 | INFO |   n_push_7d: mean=0.8626, min=0.0000, max=7.0000
2026-03-24 16:03:18,982 | INFO |   n_distinct_trigger_7d: mean=0.8008, min=0.0000, max=4.0000
2026-03-24 16:03:18,985 | INFO |   ratio_trigger_t_1_7d: mean=0.2032, min=0.0000, max=1.0000
2026-03-24 16:03:18,987 | INFO |   ratio_trigger_t_2_7d: mean=0.1637, min=0.0000, max=1.0000
2026-03-24 16:03:18,990 | INFO |   ratio_trigger_t_3_7d: mean=0.0508, min=0.0000, max=1.0000
2026-03-24 16:03:18,992 | INFO |   ratio_trigger_t_4_7d: mean=0.0166, min=0.0000, max=1.0000
2026-03-24 16:03:18,994 | INFO |   n_push_14d: mean=1.7162, min=0.0000, max=13.0000
2026-03-24 16:03:18,997 | INFO |   n_distinct_trigger_14d: mean=1.0657, min=0.0000, max=4.0000
2026-03-24 16:03:19,000 | INFO |   ratio_trigger_t_1_14d: mean=0.2389, min=0.0000, max=1.0000
2026-03-24 16:03:19,003 | INFO |   ratio_trigger_t_2_14d: mean=0.1880, min=0.0000, max=1.0000
2026-03-24 16:03:19,005 | INFO |   ratio_trigger_t_3_14d: mean=0.0563, min=0.0000, max=1.0000
2026-03-24 16:03:19,007 | INFO |   ratio_trigger_t_4_14d: mean=0.0175, min=0.0000, max=1.0000
2026-03-24 16:03:19,010 | INFO |   n_push_28d: mean=3.3926, min=0.0000, max=23.0000
2026-03-24 16:03:19,012 | INFO |   n_distinct_trigger_28d: mean=1.3280, min=0.0000, max=4.0000
2026-03-24 16:03:19,015 | INFO |   ratio_trigger_t_1_28d: mean=0.2930, min=0.0000, max=1.0000
2026-03-24 16:03:19,018 | INFO |   ratio_trigger_t_2_28d: mean=0.2257, min=0.0000, max=1.0000
2026-03-24 16:03:19,020 | INFO |   ratio_trigger_t_3_28d: mean=0.0652, min=0.0000, max=1.0000
2026-03-24 16:03:19,022 | INFO |   ratio_trigger_t_4_28d: mean=0.0201, min=0.0000, max=1.0000
2026-03-24 16:03:19,025 | INFO |   n_push_per_week_28d: mean=0.8481, min=0.0000, max=5.7500
2026-03-24 16:03:19,027 | INFO |   n_push_with_coupon_28d: mean=0.7691, min=0.0000, max=12.0000
2026-03-24 16:03:19,030 | INFO |   n_push_with_discount_28d: mean=0.7077, min=0.0000, max=6.0000
2026-03-24 16:03:19,033 | INFO |   mean_coupon_28d: mean=4.3658, min=0.0000, max=40.0000
2026-03-24 16:03:19,035 | INFO |   mean_discount_28d: mean=0.6755, min=0.0000, max=5.0000
2026-03-24 16:03:19,038 | INFO |   share_push_coupon_28d: mean=0.1095, min=0.0000, max=1.0000
2026-03-24 16:03:19,041 | INFO |   share_push_discount_28d: mean=0.1753, min=0.0000, max=1.0000
2026-03-24 16:03:19,043 | INFO |   n_push_resolved_pre: mean=26.0747, min=0.0000, max=147.0000
2026-03-24 16:03:19,045 | INFO |   mean_latency_push_to_purchase_days: mean=29.5224, min=0.0000, max=293.1667
2026-03-24 16:03:19,047 | INFO |   median_latency_push_to_purchase_days: mean=27.2612, min=0.0000, max=296.0000
2026-03-24 16:03:19,050 | INFO |   share_push_followed_by_purchase_7d: mean=0.2611, min=0.0000, max=1.0000
2026-03-24 16:03:19,052 | INFO |   mean_latency_days_trigger_t_1: mean=29.0009, min=0.0000, max=307.0000
2026-03-24 16:03:19,054 | INFO |   p_purchase_within_7d_trigger_t_1: mean=0.2480, min=0.0000, max=1.0000
2026-03-24 16:03:19,057 | INFO |   mean_latency_days_trigger_t_2: mean=28.2482, min=0.0000, max=297.0000
2026-03-24 16:03:19,059 | INFO |   p_purchase_within_7d_trigger_t_2: mean=0.2318, min=0.0000, max=1.0000
2026-03-24 16:03:19,061 | INFO |   mean_latency_days_trigger_t_4: mean=3.0985, min=0.0000, max=335.0000
2026-03-24 16:03:19,063 | INFO |   p_purchase_within_7d_trigger_t_4: mean=0.0291, min=0.0000, max=1.0000
2026-03-24 16:03:19,066 | INFO |   mean_latency_days_trigger_t_3: mean=4.8336, min=0.0000, max=165.0000
2026-03-24 16:03:19,068 | INFO |   p_purchase_within_7d_trigger_t_3: mean=0.0588, min=0.0000, max=1.0000
2026-03-24 16:03:19,071 | INFO |   ratio_trigger_t_1_among_followed_by_purchase_7d: mean=0.4497, min=0.0000, max=1.0000
2026-03-24 16:03:19,073 | INFO |   ratio_trigger_t_2_among_followed_by_purchase_7d: mean=0.3079, min=0.0000, max=1.0000
2026-03-24 16:03:19,075 | INFO |   ratio_trigger_t_4_among_followed_by_purchase_7d: mean=0.0245, min=0.0000, max=1.0000
2026-03-24 16:03:19,078 | INFO |   ratio_trigger_t_3_among_followed_by_purchase_7d: mean=0.0477, min=0.0000, max=1.0000
2026-03-24 16:03:19,081 | INFO |   days_since_last_push: mean=639.9881, min=0.0000, max=9999.0000
2026-03-24 16:03:19,084 | INFO |   n_push_since_last_purchase: mean=12.1570, min=0.0000, max=150.0000
2026-03-24 16:03:19,085 | INFO |   gender: mean=2.3681, min=1.0000, max=3.0000
2026-03-24 16:03:19,086 | INFO |   level: mean=2.8543, min=2.0000, max=14.0000
2026-03-24 16:03:19,087 | INFO |   has_inviter: mean=2.2914, min=2.0000, max=3.0000
2026-03-24 16:03:19,088 | INFO |   manufacturer: mean=46.9159, min=1.0000, max=120.0000
2026-03-24 16:03:19,089 | INFO |   callphone: mean=2.2966, min=1.0000, max=3.0000
2026-03-24 16:03:19,090 | INFO |   push: mean=2.1910, min=1.0000, max=3.0000
2026-03-24 16:03:19,090 | INFO | 
================================================================================
2026-03-24 16:03:19,090 | INFO | Label balance audit (by closure_duration_days)
2026-03-24 16:03:19,090 | INFO | ================================================================================
2026-03-24 16:03:19,105 | INFO |   D=10 train: n=12,933, n_positive=4,249, label_rate=0.3285
2026-03-24 16:03:19,105 | INFO |   D=10 eval_pre_treatment: n=979, n_positive=173, label_rate=0.1767
2026-03-24 16:03:19,105 | INFO |   D=10 eval_pre_control: n=3,332, n_positive=901, label_rate=0.2704
2026-03-24 16:03:19,106 | INFO |   D=10 eval_during: n=3,332, n_positive=576, label_rate=0.1729
2026-03-24 16:03:19,125 | INFO |   D=11 train: n=18,042, n_positive=5,069, label_rate=0.2810
2026-03-24 16:03:19,126 | INFO |   D=11 eval_pre_treatment: n=994, n_positive=274, label_rate=0.2757
2026-03-24 16:03:19,126 | INFO |   D=11 eval_pre_control: n=5,020, n_positive=1,376, label_rate=0.2741
2026-03-24 16:03:19,126 | INFO |   D=11 eval_during: n=5,020, n_positive=1,237, label_rate=0.2464
2026-03-24 16:03:19,145 | INFO |   D=12 train: n=10,152, n_positive=3,247, label_rate=0.3198
2026-03-24 16:03:19,145 | INFO |   D=12 eval_pre_treatment: n=220, n_positive=42, label_rate=0.1909
2026-03-24 16:03:19,145 | INFO |   D=12 eval_pre_control: n=3,164, n_positive=793, label_rate=0.2506
2026-03-24 16:03:19,145 | INFO |   D=12 eval_during: n=3,164, n_positive=621, label_rate=0.1963
2026-03-24 16:03:19,154 | INFO |   D=13 train: n=6,309, n_positive=2,130, label_rate=0.3376
2026-03-24 16:03:19,154 | INFO |   D=13 eval_pre_treatment: n=441, n_positive=124, label_rate=0.2812
2026-03-24 16:03:19,154 | INFO |   D=13 eval_pre_control: n=1,662, n_positive=529, label_rate=0.3183
2026-03-24 16:03:19,154 | INFO |   D=13 eval_during: n=1,662, n_positive=396, label_rate=0.2383
2026-03-24 16:03:19,173 | INFO |   D=14 train: n=19,707, n_positive=6,624, label_rate=0.3361
2026-03-24 16:03:19,173 | INFO |   D=14 eval_pre_treatment: n=1,337, n_positive=302, label_rate=0.2259
2026-03-24 16:03:19,173 | INFO |   D=14 eval_pre_control: n=5,232, n_positive=1,179, label_rate=0.2253
2026-03-24 16:03:19,174 | INFO |   D=14 eval_during: n=5,232, n_positive=1,201, label_rate=0.2295
2026-03-24 16:03:19,179 | INFO |   D=15 train: n=3,345, n_positive=1,574, label_rate=0.4706
2026-03-24 16:03:19,180 | INFO |   D=15 eval_pre_treatment: n=166, n_positive=64, label_rate=0.3855
2026-03-24 16:03:19,180 | INFO |   D=15 eval_pre_control: n=949, n_positive=417, label_rate=0.4394
2026-03-24 16:03:19,180 | INFO |   D=15 eval_during: n=949, n_positive=338, label_rate=0.3562
2026-03-24 16:03:19,190 | INFO |   D=16 train: n=8,160, n_positive=3,149, label_rate=0.3859
2026-03-24 16:03:19,190 | INFO |   D=16 eval_pre_treatment: n=304, n_positive=50, label_rate=0.1645
2026-03-24 16:03:19,190 | INFO |   D=16 eval_pre_control: n=2,416, n_positive=755, label_rate=0.3125
2026-03-24 16:03:19,190 | INFO |   D=16 eval_during: n=2,416, n_positive=726, label_rate=0.3005
2026-03-24 16:03:19,203 | INFO |   D=17 train: n=12,216, n_positive=5,085, label_rate=0.4163
2026-03-24 16:03:19,204 | INFO |   D=17 eval_pre_treatment: n=525, n_positive=139, label_rate=0.2648
2026-03-24 16:03:19,204 | INFO |   D=17 eval_pre_control: n=3,547, n_positive=1,261, label_rate=0.3555
2026-03-24 16:03:19,204 | INFO |   D=17 eval_during: n=3,547, n_positive=1,109, label_rate=0.3127
2026-03-24 16:03:19,217 | INFO |   D=18 train: n=11,385, n_positive=4,577, label_rate=0.4020
2026-03-24 16:03:19,217 | INFO |   D=18 eval_pre_treatment: n=619, n_positive=167, label_rate=0.2698
2026-03-24 16:03:19,217 | INFO |   D=18 eval_pre_control: n=3,176, n_positive=791, label_rate=0.2491
2026-03-24 16:03:19,217 | INFO |   D=18 eval_during: n=3,176, n_positive=712, label_rate=0.2242
2026-03-24 16:03:19,223 | INFO |   D=23 train: n=2,718, n_positive=1,431, label_rate=0.5265
2026-03-24 16:03:19,223 | INFO |   D=23 eval_pre_treatment: n=148, n_positive=70, label_rate=0.4730
2026-03-24 16:03:19,223 | INFO |   D=23 eval_pre_control: n=758, n_positive=316, label_rate=0.4169
2026-03-24 16:03:19,223 | INFO |   D=23 eval_during: n=758, n_positive=244, label_rate=0.3219
2026-03-24 16:03:19,239 | INFO |   D=26 train: n=15,255, n_positive=7,146, label_rate=0.4684
2026-03-24 16:03:19,239 | INFO |   D=26 eval_pre_treatment: n=440, n_positive=188, label_rate=0.4273
2026-03-24 16:03:19,239 | INFO |   D=26 eval_pre_control: n=4,645, n_positive=1,985, label_rate=0.4273
2026-03-24 16:03:19,239 | INFO |   D=26 eval_during: n=4,645, n_positive=1,387, label_rate=0.2986
2026-03-24 16:03:19,251 | INFO |   D=28 train: n=9,285, n_positive=4,573, label_rate=0.4925
2026-03-24 16:03:19,251 | INFO |   D=28 eval_pre_treatment: n=1,204, n_positive=591, label_rate=0.4909
2026-03-24 16:03:19,251 | INFO |   D=28 eval_pre_control: n=1,891, n_positive=862, label_rate=0.4558
2026-03-24 16:03:19,251 | INFO |   D=28 eval_during: n=1,891, n_positive=657, label_rate=0.3474
2026-03-24 16:03:19,258 | INFO |   D=29 train: n=5,067, n_positive=2,495, label_rate=0.4924
2026-03-24 16:03:19,258 | INFO |   D=29 eval_pre_treatment: n=715, n_positive=366, label_rate=0.5119
2026-03-24 16:03:19,259 | INFO |   D=29 eval_pre_control: n=974, n_positive=448, label_rate=0.4600
2026-03-24 16:03:19,259 | INFO |   D=29 eval_during: n=974, n_positive=350, label_rate=0.3593
2026-03-24 16:03:19,260 | INFO |   Saved /home/litao/Coffee/model-free/outputs/displacement_classification/label_balance_audit.csv
2026-03-24 16:03:20,026 | INFO | 
GPU available: True
2026-03-24 16:03:20,028 | INFO | 
Training 13 model(s), one per duration: [10, 11, 12, 13, 14, 15, 16, 17, 18, 23, 26, 28, 29]
2026-03-24 16:03:20,897 | INFO | 
  Duration D=10: train n=12,933, eval_pre n=4,311, eval_during n=3,332
2026-03-24 16:03:20,925 | INFO | 
Saved model → /home/litao/Coffee/model-free/outputs/displacement_classification/displacement_model_10.json
2026-03-24 16:03:20,929 | INFO | 
================================================================================
2026-03-24 16:03:20,929 | INFO | Variable Importance Ranking (top 30)
2026-03-24 16:03:20,929 | INFO | ================================================================================
2026-03-24 16:03:20,929 | INFO |     1. purchases_per_week_last_4w: 44.45
2026-03-24 16:03:20,929 | INFO |     2. purchases_per_week_last_2w: 9.31
2026-03-24 16:03:20,929 | INFO |     3. total_purchase_days_pre: 7.14
2026-03-24 16:03:20,929 | INFO |     4. days_since_last_purchase: 6.98
2026-03-24 16:03:20,930 | INFO |     5. purchases_per_week_last_1w: 6.84
2026-03-24 16:03:20,930 | INFO |     6. ratio_trigger_t_3_7d: 4.05
2026-03-24 16:03:20,930 | INFO |     7. ratio_trigger_t_4_among_followed_by_purchase_7d: 3.77
2026-03-24 16:03:20,930 | INFO |     8. total_orders_pre: 3.73
2026-03-24 16:03:20,930 | INFO |     9. preferred_store_ratio: 3.49
2026-03-24 16:03:20,930 | INFO |    10. p_purchase_within_7d_trigger_t_3: 3.44
2026-03-24 16:03:20,930 | INFO |    11. ratio_trigger_t_3_among_followed_by_purchase_7d: 3.13
2026-03-24 16:03:20,930 | INFO |    12. p_purchase_within_7d_trigger_t_4: 3.09
2026-03-24 16:03:20,930 | INFO |    13. share_weeks_with_purchase: 3.08
2026-03-24 16:03:20,930 | INFO |    14. max_gap_between_purchases: 2.84
2026-03-24 16:03:20,930 | INFO |    15. longest_consecutive_streak_days: 2.83
2026-03-24 16:03:20,931 | INFO |    16. mean_inter_purchase_interval_days: 2.79
2026-03-24 16:03:20,931 | INFO |    17. mean_latency_days_trigger_t_2: 2.76
2026-03-24 16:03:20,931 | INFO |    18. purchases_per_week_all_pre: 2.74
2026-03-24 16:03:20,931 | INFO |    19. second_store_ratio: 2.74
2026-03-24 16:03:20,931 | INFO |    20. ratio_trigger_t_1_28d: 2.64
2026-03-24 16:03:20,931 | INFO |    21. share_purchases_dow6: 2.64
2026-03-24 16:03:20,931 | INFO |    22. share_push_discount_28d: 2.62
2026-03-24 16:03:20,931 | INFO |    23. coffee_share_orders: 2.62
2026-03-24 16:03:20,931 | INFO |    24. avg_coffee_num: 2.60
2026-03-24 16:03:20,931 | INFO |    25. mean_coupon_28d: 2.59
2026-03-24 16:03:20,932 | INFO |    26. std_inter_purchase_interval_days: 2.59
2026-03-24 16:03:20,932 | INFO |    27. share_purchases_dow0: 2.57
2026-03-24 16:03:20,932 | INFO |    28. ratio_trigger_t_3_28d: 2.57
2026-03-24 16:03:20,932 | INFO |    29. mean_latency_days_trigger_t_1: 2.55
2026-03-24 16:03:20,932 | INFO |    30. total_spend_pre: 2.53
2026-03-24 16:03:20,933 | INFO | 
Saved variable_importance_10.csv → /home/litao/Coffee/model-free/outputs/displacement_classification
2026-03-24 16:03:21,026 | INFO | 
================================================================================
2026-03-24 16:03:21,027 | INFO | Prediction Accuracy Table
2026-03-24 16:03:21,027 | INFO | ================================================================================
2026-03-24 16:03:21,031 | INFO |  accuracy  precision   recall       f1      fpr      fnr    n             group
 0.830439   0.520231 0.520231 0.520231 0.102978 0.479769  979 Treatment_Pre_t-1
 0.781212   0.608861 0.533851 0.568894 0.127108 0.466149 3332   Control_Pre_t-1
 0.757503   0.358537 0.510417 0.421203 0.190856 0.489583 3332 Control_During_t0
2026-03-24 16:03:21,032 | INFO | 
Saved prediction_accuracy_10.csv → /home/litao/Coffee/model-free/outputs/displacement_classification
2026-03-24 16:03:21,033 | INFO | 
Scoring full panel...
2026-03-24 16:03:21,276 | INFO | Saved scored panel (20,576 rows) → /home/litao/Coffee/model-free/outputs/displacement_classification/panel_with_scores_10.parquet
2026-03-24 16:03:21,381 | INFO | Saved score summary CSV → /home/litao/Coffee/model-free/outputs/displacement_classification/displacement_scores_10.csv
2026-03-24 16:03:22,322 | INFO | 
  Duration D=11: train n=18,042, eval_pre n=6,014, eval_during n=5,020
2026-03-24 16:03:22,361 | INFO | 
Saved model → /home/litao/Coffee/model-free/outputs/displacement_classification/displacement_model_11.json
2026-03-24 16:03:22,365 | INFO | 
================================================================================
2026-03-24 16:03:22,365 | INFO | Variable Importance Ranking (top 30)
2026-03-24 16:03:22,365 | INFO | ================================================================================
2026-03-24 16:03:22,365 | INFO |     1. purchases_per_week_last_4w: 65.61
2026-03-24 16:03:22,366 | INFO |     2. total_purchase_days_pre: 13.19
2026-03-24 16:03:22,366 | INFO |     3. purchases_per_week_last_2w: 13.19
2026-03-24 16:03:22,366 | INFO |     4. days_since_last_purchase: 9.69
2026-03-24 16:03:22,366 | INFO |     5. purchases_per_week_last_1w: 7.74
2026-03-24 16:03:22,366 | INFO |     6. preferred_store_ratio: 4.76
2026-03-24 16:03:22,366 | INFO |     7. share_weeks_with_purchase: 4.20
2026-03-24 16:03:22,366 | INFO |     8. mean_latency_days_trigger_t_4: 3.70
2026-03-24 16:03:22,366 | INFO |     9. purchases_per_week_all_pre: 3.64
2026-03-24 16:03:22,366 | INFO |    10. total_orders_pre: 3.43
2026-03-24 16:03:22,366 | INFO |    11. p_purchase_within_7d_trigger_t_4: 3.39
2026-03-24 16:03:22,366 | INFO |    12. take_address_rate: 3.30
2026-03-24 16:03:22,366 | INFO |    13. std_inter_purchase_interval_days: 3.11
2026-03-24 16:03:22,366 | INFO |    14. mean_latency_days_trigger_t_1: 3.10
2026-03-24 16:03:22,367 | INFO |    15. n_push_with_coupon_28d: 3.09
2026-03-24 16:03:22,367 | INFO |    16. mean_latency_days_trigger_t_2: 3.07
2026-03-24 16:03:22,367 | INFO |    17. share_push_discount_28d: 3.04
2026-03-24 16:03:22,367 | INFO |    18. second_store_ratio: 3.03
2026-03-24 16:03:22,367 | INFO |    19. avg_basket_size: 2.99
2026-03-24 16:03:22,367 | INFO |    20. p_purchase_within_7d_trigger_t_2: 2.98
2026-03-24 16:03:22,367 | INFO |    21. mean_inter_purchase_interval_days: 2.97
2026-03-24 16:03:22,367 | INFO |    22. p_purchase_within_7d_trigger_t_3: 2.95
2026-03-24 16:03:22,367 | INFO |    23. avg_food_num: 2.92
2026-03-24 16:03:22,367 | INFO |    24. ratio_trigger_t_2_among_followed_by_purchase_7d: 2.88
2026-03-24 16:03:22,367 | INFO |    25. ratio_trigger_t_2_7d: 2.86
2026-03-24 16:03:22,367 | INFO |    26. n_push_resolved_pre: 2.86
2026-03-24 16:03:22,367 | INFO |    27. ratio_trigger_t_3_among_followed_by_purchase_7d: 2.85
2026-03-24 16:03:22,368 | INFO |    28. share_purchases_dow3: 2.85
2026-03-24 16:03:22,368 | INFO |    29. p_purchase_within_7d_trigger_t_1: 2.83
2026-03-24 16:03:22,368 | INFO |    30. max_gap_between_purchases: 2.82
2026-03-24 16:03:22,369 | INFO | 
Saved variable_importance_11.csv → /home/litao/Coffee/model-free/outputs/displacement_classification
2026-03-24 16:03:22,445 | INFO | 
================================================================================
2026-03-24 16:03:22,445 | INFO | Prediction Accuracy Table
2026-03-24 16:03:22,445 | INFO | ================================================================================
2026-03-24 16:03:22,448 | INFO |  accuracy  precision   recall       f1      fpr      fnr    n             group
 0.780684   0.697183 0.361314 0.475962 0.059722 0.638686  994 Treatment_Pre_t-1
 0.791434   0.690614 0.433140 0.532381 0.073271 0.566860 5020   Control_Pre_t-1
 0.788048   0.601885 0.413096 0.489933 0.089347 0.586904 5020 Control_During_t0
2026-03-24 16:03:22,450 | INFO | 
Saved prediction_accuracy_11.csv → /home/litao/Coffee/model-free/outputs/displacement_classification
2026-03-24 16:03:22,450 | INFO | 
Scoring full panel...
2026-03-24 16:03:22,713 | INFO | Saved scored panel (29,076 rows) → /home/litao/Coffee/model-free/outputs/displacement_classification/panel_with_scores_11.parquet
2026-03-24 16:03:22,856 | INFO | Saved score summary CSV → /home/litao/Coffee/model-free/outputs/displacement_classification/displacement_scores_11.csv
2026-03-24 16:03:23,752 | INFO | 
  Duration D=12: train n=10,152, eval_pre n=3,384, eval_during n=3,164
2026-03-24 16:03:23,782 | INFO | 
Saved model → /home/litao/Coffee/model-free/outputs/displacement_classification/displacement_model_12.json
2026-03-24 16:03:23,785 | INFO | 
================================================================================
2026-03-24 16:03:23,785 | INFO | Variable Importance Ranking (top 30)
2026-03-24 16:03:23,785 | INFO | ================================================================================
2026-03-24 16:03:23,785 | INFO |     1. purchases_per_week_last_4w: 45.07
2026-03-24 16:03:23,785 | INFO |     2. purchases_per_week_last_2w: 8.29
2026-03-24 16:03:23,786 | INFO |     3. total_purchase_days_pre: 7.21
2026-03-24 16:03:23,786 | INFO |     4. days_since_last_purchase: 5.96
2026-03-24 16:03:23,786 | INFO |     5. purchases_per_week_last_1w: 5.94
2026-03-24 16:03:23,786 | INFO |     6. preferred_store_ratio: 3.15
2026-03-24 16:03:23,786 | INFO |     7. total_spend_last_4w: 2.88
2026-03-24 16:03:23,786 | INFO |     8. purchases_per_week_all_pre: 2.76
2026-03-24 16:03:23,786 | INFO |     9. total_orders_pre: 2.59
2026-03-24 16:03:23,786 | INFO |    10. share_weeks_with_purchase: 2.57
2026-03-24 16:03:23,786 | INFO |    11. avg_coffee_num: 2.51
2026-03-24 16:03:23,786 | INFO |    12. level: 2.45
2026-03-24 16:03:23,786 | INFO |    13. longest_consecutive_streak_days: 2.44
2026-03-24 16:03:23,786 | INFO |    14. p_purchase_within_7d_trigger_t_4: 2.41
2026-03-24 16:03:23,787 | INFO |    15. ratio_trigger_t_2_among_followed_by_purchase_7d: 2.40
2026-03-24 16:03:23,787 | INFO |    16. second_store_ratio: 2.39
2026-03-24 16:03:23,787 | INFO |    17. share_purchases_dow5: 2.37
2026-03-24 16:03:23,787 | INFO |    18. p_purchase_within_7d_trigger_t_3: 2.32
2026-03-24 16:03:23,787 | INFO |    19. gender: 2.32
2026-03-24 16:03:23,787 | INFO |    20. std_inter_purchase_interval_days: 2.29
2026-03-24 16:03:23,787 | INFO |    21. mean_inter_purchase_interval_days: 2.27
2026-03-24 16:03:23,787 | INFO |    22. mean_latency_days_trigger_t_1: 2.26
2026-03-24 16:03:23,787 | INFO |    23. p_purchase_within_7d_trigger_t_1: 2.25
2026-03-24 16:03:23,787 | INFO |    24. ratio_trigger_t_1_among_followed_by_purchase_7d: 2.21
2026-03-24 16:03:23,787 | INFO |    25. max_gap_between_purchases: 2.20
2026-03-24 16:03:23,787 | INFO |    26. median_latency_push_to_purchase_days: 2.20
2026-03-24 16:03:23,787 | INFO |    27. p_purchase_within_7d_trigger_t_2: 2.15
2026-03-24 16:03:23,788 | INFO |    28. ratio_trigger_t_2_7d: 2.14
2026-03-24 16:03:23,788 | INFO |    29. share_purchases_dow4: 2.11
2026-03-24 16:03:23,788 | INFO |    30. avg_discount_per_order: 2.11
2026-03-24 16:03:23,789 | INFO | 
Saved variable_importance_12.csv → /home/litao/Coffee/model-free/outputs/displacement_classification
2026-03-24 16:03:23,858 | INFO | 
================================================================================
2026-03-24 16:03:23,859 | INFO | Prediction Accuracy Table
2026-03-24 16:03:23,859 | INFO | ================================================================================
2026-03-24 16:03:23,862 | INFO |  accuracy  precision   recall       f1      fpr      fnr    n             group
 0.790909   0.461538 0.571429 0.510638 0.157303 0.428571  220 Treatment_Pre_t-1
 0.797092   0.608011 0.535939 0.569705 0.115563 0.464061 3164   Control_Pre_t-1
 0.783502   0.455307 0.524960 0.487659 0.153362 0.475040 3164 Control_During_t0
2026-03-24 16:03:23,863 | INFO | 
Saved prediction_accuracy_12.csv → /home/litao/Coffee/model-free/outputs/displacement_classification
2026-03-24 16:03:23,863 | INFO | 
Scoring full panel...
2026-03-24 16:03:24,096 | INFO | Saved scored panel (16,700 rows) → /home/litao/Coffee/model-free/outputs/displacement_classification/panel_with_scores_12.parquet
2026-03-24 16:03:24,181 | INFO | Saved score summary CSV → /home/litao/Coffee/model-free/outputs/displacement_classification/displacement_scores_12.csv
2026-03-24 16:03:25,021 | INFO | 
  Duration D=13: train n=6,309, eval_pre n=2,103, eval_during n=1,662
2026-03-24 16:03:25,045 | INFO | 
Saved model → /home/litao/Coffee/model-free/outputs/displacement_classification/displacement_model_13.json
2026-03-24 16:03:25,047 | INFO | 
================================================================================
2026-03-24 16:03:25,047 | INFO | Variable Importance Ranking (top 30)
2026-03-24 16:03:25,048 | INFO | ================================================================================
2026-03-24 16:03:25,048 | INFO |     1. purchases_per_week_last_4w: 23.91
2026-03-24 16:03:25,048 | INFO |     2. purchases_per_week_last_2w: 10.27
2026-03-24 16:03:25,048 | INFO |     3. days_since_last_purchase: 5.50
2026-03-24 16:03:25,048 | INFO |     4. purchases_per_week_all_pre: 3.33
2026-03-24 16:03:25,048 | INFO |     5. total_purchase_days_pre: 2.83
2026-03-24 16:03:25,048 | INFO |     6. preferred_store_ratio: 2.14
2026-03-24 16:03:25,048 | INFO |     7. total_orders_pre: 2.05
2026-03-24 16:03:25,048 | INFO |     8. share_push_discount_28d: 1.98
2026-03-24 16:03:25,048 | INFO |     9. take_address_rate: 1.97
2026-03-24 16:03:25,048 | INFO |    10. purchases_per_week_last_1w: 1.96
2026-03-24 16:03:25,049 | INFO |    11. p_purchase_within_7d_trigger_t_4: 1.96
2026-03-24 16:03:25,049 | INFO |    12. ratio_trigger_t_2_among_followed_by_purchase_7d: 1.93
2026-03-24 16:03:25,049 | INFO |    13. p_purchase_within_7d_trigger_t_3: 1.90
2026-03-24 16:03:25,049 | INFO |    14. longest_consecutive_streak_days: 1.88
2026-03-24 16:03:25,049 | INFO |    15. unique_stores_pre: 1.88
2026-03-24 16:03:25,049 | INFO |    16. median_latency_push_to_purchase_days: 1.86
2026-03-24 16:03:25,049 | INFO |    17. ratio_trigger_t_1_among_followed_by_purchase_7d: 1.82
2026-03-24 16:03:25,049 | INFO |    18. share_push_followed_by_purchase_7d: 1.81
2026-03-24 16:03:25,049 | INFO |    19. mean_coupon_28d: 1.80
2026-03-24 16:03:25,049 | INFO |    20. share_purchases_dow3: 1.78
2026-03-24 16:03:25,049 | INFO |    21. mean_latency_days_trigger_t_2: 1.77
2026-03-24 16:03:25,049 | INFO |    22. second_store_ratio: 1.77
2026-03-24 16:03:25,049 | INFO |    23. ratio_trigger_t_3_14d: 1.76
2026-03-24 16:03:25,049 | INFO |    24. modal_purchase_dow: 1.73
2026-03-24 16:03:25,049 | INFO |    25. share_purchases_dow6: 1.73
2026-03-24 16:03:25,050 | INFO |    26. mean_inter_purchase_interval_days: 1.72
2026-03-24 16:03:25,050 | INFO |    27. ratio_trigger_t_3_among_followed_by_purchase_7d: 1.72
2026-03-24 16:03:25,050 | INFO |    28. p_purchase_within_7d_trigger_t_1: 1.71
2026-03-24 16:03:25,050 | INFO |    29. ratio_trigger_t_4_14d: 1.70
2026-03-24 16:03:25,050 | INFO |    30. max_gap_between_purchases: 1.69
2026-03-24 16:03:25,051 | INFO | 
Saved variable_importance_13.csv → /home/litao/Coffee/model-free/outputs/displacement_classification
2026-03-24 16:03:25,118 | INFO | 
================================================================================
2026-03-24 16:03:25,118 | INFO | Prediction Accuracy Table
2026-03-24 16:03:25,118 | INFO | ================================================================================
2026-03-24 16:03:25,121 | INFO |  accuracy  precision   recall       f1      fpr      fnr    n             group
 0.770975   0.635294 0.435484 0.516746 0.097792 0.564516  441 Treatment_Pre_t-1
 0.773165   0.683575 0.534972 0.600212 0.115622 0.465028 1662   Control_Pre_t-1
 0.741877   0.462069 0.507576 0.483755 0.184834 0.492424 1662 Control_During_t0
2026-03-24 16:03:25,122 | INFO | 
Saved prediction_accuracy_13.csv → /home/litao/Coffee/model-free/outputs/displacement_classification
2026-03-24 16:03:25,122 | INFO | 
Scoring full panel...
2026-03-24 16:03:25,252 | INFO | Saved scored panel (10,074 rows) → /home/litao/Coffee/model-free/outputs/displacement_classification/panel_with_scores_13.parquet
2026-03-24 16:03:25,338 | INFO | Saved score summary CSV → /home/litao/Coffee/model-free/outputs/displacement_classification/displacement_scores_13.csv
2026-03-24 16:03:26,262 | INFO | 
  Duration D=14: train n=19,707, eval_pre n=6,569, eval_during n=5,232
2026-03-24 16:03:26,291 | INFO | 
Saved model → /home/litao/Coffee/model-free/outputs/displacement_classification/displacement_model_14.json
2026-03-24 16:03:26,295 | INFO | 
================================================================================
2026-03-24 16:03:26,295 | INFO | Variable Importance Ranking (top 30)
2026-03-24 16:03:26,295 | INFO | ================================================================================
2026-03-24 16:03:26,295 | INFO |     1. purchases_per_week_last_4w: 50.73
2026-03-24 16:03:26,295 | INFO |     2. total_purchase_days_pre: 21.89
2026-03-24 16:03:26,295 | INFO |     3. purchases_per_week_last_2w: 17.26
2026-03-24 16:03:26,295 | INFO |     4. days_since_last_purchase: 11.06
2026-03-24 16:03:26,295 | INFO |     5. total_spend_last_4w: 8.01
2026-03-24 16:03:26,296 | INFO |     6. purchases_per_week_last_1w: 7.44
2026-03-24 16:03:26,296 | INFO |     7. purchases_per_week_all_pre: 6.85
2026-03-24 16:03:26,296 | INFO |     8. preferred_store_ratio: 5.26
2026-03-24 16:03:26,296 | INFO |     9. share_push_discount_28d: 4.14
2026-03-24 16:03:26,296 | INFO |    10. share_weeks_with_purchase: 4.03
2026-03-24 16:03:26,296 | INFO |    11. second_store_ratio: 3.93
2026-03-24 16:03:26,296 | INFO |    12. std_inter_purchase_interval_days: 3.88
2026-03-24 16:03:26,296 | INFO |    13. ratio_trigger_t_4_7d: 3.53
2026-03-24 16:03:26,296 | INFO |    14. p_purchase_within_7d_trigger_t_1: 3.40
2026-03-24 16:03:26,296 | INFO |    15. max_gap_between_purchases: 3.34
2026-03-24 16:03:26,296 | INFO |    16. ratio_trigger_t_1_among_followed_by_purchase_7d: 3.23
2026-03-24 16:03:26,296 | INFO |    17. mean_inter_purchase_interval_days: 3.22
2026-03-24 16:03:26,297 | INFO |    18. mean_coupon_28d: 3.20
2026-03-24 16:03:26,297 | INFO |    19. longest_consecutive_streak_days: 3.19
2026-03-24 16:03:26,297 | INFO |    20. share_purchases_dow0: 3.17
2026-03-24 16:03:26,297 | INFO |    21. share_push_followed_by_purchase_7d: 3.17
2026-03-24 16:03:26,297 | INFO |    22. n_push_with_coupon_28d: 3.14
2026-03-24 16:03:26,297 | INFO |    23. total_orders_pre: 3.13
2026-03-24 16:03:26,297 | INFO |    24. take_address_rate: 3.12
2026-03-24 16:03:26,297 | INFO |    25. mean_latency_days_trigger_t_2: 3.10
2026-03-24 16:03:26,297 | INFO |    26. cv_inter_purchase_interval: 3.10
2026-03-24 16:03:26,297 | INFO |    27. ratio_trigger_t_2_among_followed_by_purchase_7d: 3.09
2026-03-24 16:03:26,297 | INFO |    28. p_purchase_within_7d_trigger_t_4: 3.08
2026-03-24 16:03:26,298 | INFO |    29. n_push_resolved_pre: 3.07
2026-03-24 16:03:26,298 | INFO |    30. coffee_share_orders: 3.06
2026-03-24 16:03:26,299 | INFO | 
Saved variable_importance_14.csv → /home/litao/Coffee/model-free/outputs/displacement_classification
2026-03-24 16:03:26,354 | INFO | 
================================================================================
2026-03-24 16:03:26,354 | INFO | Prediction Accuracy Table
2026-03-24 16:03:26,354 | INFO | ================================================================================
2026-03-24 16:03:26,357 | INFO |  accuracy  precision   recall       f1      fpr      fnr    n             group
 0.810022   0.614286 0.427152 0.503906 0.078261 0.572848 1337 Treatment_Pre_t-1
 0.793578   0.547642 0.482612 0.513075 0.115963 0.517388 5232   Control_Pre_t-1
 0.789755   0.552991 0.438801 0.489322 0.105681 0.561199 5232 Control_During_t0
2026-03-24 16:03:26,358 | INFO | 
Saved prediction_accuracy_14.csv → /home/litao/Coffee/model-free/outputs/displacement_classification
2026-03-24 16:03:26,358 | INFO | 
Scoring full panel...
2026-03-24 16:03:26,623 | INFO | Saved scored panel (31,508 rows) → /home/litao/Coffee/model-free/outputs/displacement_classification/panel_with_scores_14.parquet
2026-03-24 16:03:26,776 | INFO | Saved score summary CSV → /home/litao/Coffee/model-free/outputs/displacement_classification/displacement_scores_14.csv
2026-03-24 16:03:27,580 | INFO | 
  Duration D=15: train n=3,345, eval_pre n=1,115, eval_during n=949
2026-03-24 16:03:27,603 | INFO | 
Saved model → /home/litao/Coffee/model-free/outputs/displacement_classification/displacement_model_15.json
2026-03-24 16:03:27,605 | INFO | 
================================================================================
2026-03-24 16:03:27,605 | INFO | Variable Importance Ranking (top 30)
2026-03-24 16:03:27,605 | INFO | ================================================================================
2026-03-24 16:03:27,605 | INFO |     1. purchases_per_week_last_2w: 7.26
2026-03-24 16:03:27,606 | INFO |     2. purchases_per_week_last_4w: 6.68
2026-03-24 16:03:27,606 | INFO |     3. total_purchase_days_pre: 6.40
2026-03-24 16:03:27,606 | INFO |     4. total_orders_pre: 3.87
2026-03-24 16:03:27,606 | INFO |     5. ratio_trigger_t_4_among_followed_by_purchase_7d: 3.11
2026-03-24 16:03:27,606 | INFO |     6. ratio_trigger_t_4_14d: 3.00
2026-03-24 16:03:27,606 | INFO |     7. mean_latency_days_trigger_t_4: 2.63
2026-03-24 16:03:27,606 | INFO |     8. preferred_store_ratio: 2.42
2026-03-24 16:03:27,606 | INFO |     9. has_inviter: 2.40
2026-03-24 16:03:27,606 | INFO |    10. days_since_last_purchase: 2.31
2026-03-24 16:03:27,606 | INFO |    11. ratio_trigger_t_3_among_followed_by_purchase_7d: 2.27
2026-03-24 16:03:27,606 | INFO |    12. ratio_trigger_t_4_28d: 1.88
2026-03-24 16:03:27,607 | INFO |    13. unique_stores_pre: 1.85
2026-03-24 16:03:27,607 | INFO |    14. take_address_rate: 1.80
2026-03-24 16:03:27,607 | INFO |    15. mean_coupon_28d: 1.75
2026-03-24 16:03:27,607 | INFO |    16. ratio_trigger_t_2_among_followed_by_purchase_7d: 1.56
2026-03-24 16:03:27,607 | INFO |    17. ratio_trigger_t_2_7d: 1.45
2026-03-24 16:03:27,607 | INFO |    18. ratio_trigger_t_1_28d: 1.45
2026-03-24 16:03:27,607 | INFO |    19. avg_food_num: 1.42
2026-03-24 16:03:27,607 | INFO |    20. second_store_ratio: 1.42
2026-03-24 16:03:27,607 | INFO |    21. ratio_trigger_t_2_14d: 1.40
2026-03-24 16:03:27,607 | INFO |    22. p_purchase_within_7d_trigger_t_3: 1.40
2026-03-24 16:03:27,607 | INFO |    23. ratio_trigger_t_1_among_followed_by_purchase_7d: 1.38
2026-03-24 16:03:27,607 | INFO |    24. avg_delivery_pay: 1.38
2026-03-24 16:03:27,607 | INFO |    25. median_latency_push_to_purchase_days: 1.36
2026-03-24 16:03:27,608 | INFO |    26. cv_inter_purchase_interval: 1.36
2026-03-24 16:03:27,608 | INFO |    27. mean_inter_purchase_interval_days: 1.35
2026-03-24 16:03:27,608 | INFO |    28. mean_latency_push_to_purchase_days: 1.33
2026-03-24 16:03:27,608 | INFO |    29. mean_discount_28d: 1.31
2026-03-24 16:03:27,608 | INFO |    30. share_push_followed_by_purchase_7d: 1.31
2026-03-24 16:03:27,609 | INFO | 
Saved variable_importance_15.csv → /home/litao/Coffee/model-free/outputs/displacement_classification
2026-03-24 16:03:27,654 | INFO | 
================================================================================
2026-03-24 16:03:27,655 | INFO | Prediction Accuracy Table
2026-03-24 16:03:27,655 | INFO | ================================================================================
2026-03-24 16:03:27,658 | INFO |  accuracy  precision   recall       f1      fpr      fnr   n             group
 0.753012   0.688525 0.656250 0.672000 0.186275 0.343750 166 Treatment_Pre_t-1
 0.714436   0.753472 0.520384 0.615603 0.133459 0.479616 949   Control_Pre_t-1
 0.710221   0.611307 0.511834 0.557166 0.180033 0.488166 949 Control_During_t0
2026-03-24 16:03:27,659 | INFO | 
Saved prediction_accuracy_15.csv → /home/litao/Coffee/model-free/outputs/displacement_classification
2026-03-24 16:03:27,659 | INFO | 
Scoring full panel...
2026-03-24 16:03:27,723 | INFO | Saved scored panel (5,409 rows) → /home/litao/Coffee/model-free/outputs/displacement_classification/panel_with_scores_15.parquet
2026-03-24 16:03:27,772 | INFO | Saved score summary CSV → /home/litao/Coffee/model-free/outputs/displacement_classification/displacement_scores_15.csv
2026-03-24 16:03:28,639 | INFO | 
  Duration D=16: train n=8,160, eval_pre n=2,720, eval_during n=2,416
2026-03-24 16:03:28,669 | INFO | 
Saved model → /home/litao/Coffee/model-free/outputs/displacement_classification/displacement_model_16.json
2026-03-24 16:03:28,672 | INFO | 
================================================================================
2026-03-24 16:03:28,672 | INFO | Variable Importance Ranking (top 30)
2026-03-24 16:03:28,672 | INFO | ================================================================================
2026-03-24 16:03:28,672 | INFO |     1. purchases_per_week_last_2w: 24.51
2026-03-24 16:03:28,672 | INFO |     2. purchases_per_week_last_4w: 16.56
2026-03-24 16:03:28,673 | INFO |     3. days_since_last_purchase: 8.94
2026-03-24 16:03:28,673 | INFO |     4. total_purchase_days_pre: 7.21
2026-03-24 16:03:28,673 | INFO |     5. purchases_per_week_last_1w: 5.75
2026-03-24 16:03:28,673 | INFO |     6. purchases_per_week_all_pre: 3.24
2026-03-24 16:03:28,673 | INFO |     7. preferred_store_ratio: 3.20
2026-03-24 16:03:28,673 | INFO |     8. total_orders_pre: 3.00
2026-03-24 16:03:28,673 | INFO |     9. std_inter_purchase_interval_days: 2.61
2026-03-24 16:03:28,673 | INFO |    10. total_spend_pre: 2.46
2026-03-24 16:03:28,673 | INFO |    11. second_store_ratio: 2.42
2026-03-24 16:03:28,673 | INFO |    12. share_weeks_with_purchase: 2.31
2026-03-24 16:03:28,673 | INFO |    13. share_purchases_dow6: 2.26
2026-03-24 16:03:28,674 | INFO |    14. p_purchase_within_7d_trigger_t_1: 2.23
2026-03-24 16:03:28,674 | INFO |    15. avg_use_coffee_wallet: 2.14
2026-03-24 16:03:28,674 | INFO |    16. days_since_last_push: 2.13
2026-03-24 16:03:28,674 | INFO |    17. unique_stores_pre: 2.12
2026-03-24 16:03:28,674 | INFO |    18. share_purchases_dow0: 2.11
2026-03-24 16:03:28,674 | INFO |    19. ratio_trigger_t_4_28d: 2.11
2026-03-24 16:03:28,674 | INFO |    20. ratio_trigger_t_3_among_followed_by_purchase_7d: 2.11
2026-03-24 16:03:28,674 | INFO |    21. ratio_trigger_t_2_28d: 2.10
2026-03-24 16:03:28,674 | INFO |    22. mean_inter_purchase_interval_days: 2.09
2026-03-24 16:03:28,674 | INFO |    23. ratio_trigger_t_2_7d: 2.07
2026-03-24 16:03:28,674 | INFO |    24. mean_latency_days_trigger_t_4: 2.05
2026-03-24 16:03:28,674 | INFO |    25. p_purchase_within_7d_trigger_t_3: 2.04
2026-03-24 16:03:28,674 | INFO |    26. longest_consecutive_streak_days: 2.04
2026-03-24 16:03:28,674 | INFO |    27. take_address_rate: 2.04
2026-03-24 16:03:28,675 | INFO |    28. coffee_share_orders: 2.03
2026-03-24 16:03:28,675 | INFO |    29. push: 2.01
2026-03-24 16:03:28,675 | INFO |    30. avg_discount_per_order: 2.01
2026-03-24 16:03:28,676 | INFO | 
Saved variable_importance_16.csv → /home/litao/Coffee/model-free/outputs/displacement_classification
2026-03-24 16:03:28,730 | INFO | 
================================================================================
2026-03-24 16:03:28,731 | INFO | Prediction Accuracy Table
2026-03-24 16:03:28,731 | INFO | ================================================================================
2026-03-24 16:03:28,734 | INFO |  accuracy  precision   recall       f1      fpr      fnr    n             group
 0.776316   0.375000 0.540000 0.442623 0.177165 0.460000  304 Treatment_Pre_t-1
 0.763659   0.635693 0.570861 0.601535 0.148706 0.429139 2416   Control_Pre_t-1
 0.762003   0.613193 0.563361 0.587222 0.152663 0.436639 2416 Control_During_t0
2026-03-24 16:03:28,735 | INFO | 
Saved prediction_accuracy_16.csv → /home/litao/Coffee/model-free/outputs/displacement_classification
2026-03-24 16:03:28,735 | INFO | 
Scoring full panel...
2026-03-24 16:03:28,956 | INFO | Saved scored panel (13,296 rows) → /home/litao/Coffee/model-free/outputs/displacement_classification/panel_with_scores_16.parquet
2026-03-24 16:03:29,024 | INFO | Saved score summary CSV → /home/litao/Coffee/model-free/outputs/displacement_classification/displacement_scores_16.csv
2026-03-24 16:03:29,967 | INFO | 
  Duration D=17: train n=12,216, eval_pre n=4,072, eval_during n=3,547
2026-03-24 16:03:30,003 | INFO | 
Saved model → /home/litao/Coffee/model-free/outputs/displacement_classification/displacement_model_17.json
2026-03-24 16:03:30,006 | INFO | 
================================================================================
2026-03-24 16:03:30,006 | INFO | Variable Importance Ranking (top 30)
2026-03-24 16:03:30,006 | INFO | ================================================================================
2026-03-24 16:03:30,007 | INFO |     1. purchases_per_week_last_4w: 21.16
2026-03-24 16:03:30,007 | INFO |     2. days_since_last_purchase: 17.61
2026-03-24 16:03:30,007 | INFO |     3. purchases_per_week_last_2w: 11.77
2026-03-24 16:03:30,007 | INFO |     4. total_purchase_days_pre: 11.55
2026-03-24 16:03:30,007 | INFO |     5. purchases_per_week_last_1w: 5.28
2026-03-24 16:03:30,007 | INFO |     6. preferred_store_ratio: 3.59
2026-03-24 16:03:30,007 | INFO |     7. total_orders_pre: 3.04
2026-03-24 16:03:30,007 | INFO |     8. level: 2.93
2026-03-24 16:03:30,007 | INFO |     9. std_inter_purchase_interval_days: 2.86
2026-03-24 16:03:30,007 | INFO |    10. take_address_rate: 2.80
2026-03-24 16:03:30,007 | INFO |    11. total_spend_pre: 2.80
2026-03-24 16:03:30,007 | INFO |    12. max_gap_between_purchases: 2.75
2026-03-24 16:03:30,007 | INFO |    13. p_purchase_within_7d_trigger_t_4: 2.74
2026-03-24 16:03:30,008 | INFO |    14. share_purchases_dow6: 2.70
2026-03-24 16:03:30,008 | INFO |    15. share_push_followed_by_purchase_7d: 2.66
2026-03-24 16:03:30,008 | INFO |    16. mean_coupon_28d: 2.64
2026-03-24 16:03:30,008 | INFO |    17. avg_use_coffee_wallet: 2.63
2026-03-24 16:03:30,008 | INFO |    18. ratio_trigger_t_2_28d: 2.63
2026-03-24 16:03:30,008 | INFO |    19. avg_delivery_pay: 2.61
2026-03-24 16:03:30,008 | INFO |    20. avg_coffee_num: 2.61
2026-03-24 16:03:30,008 | INFO |    21. modal_purchase_dow: 2.61
2026-03-24 16:03:30,008 | INFO |    22. share_weeks_with_purchase: 2.60
2026-03-24 16:03:30,008 | INFO |    23. p_purchase_within_7d_trigger_t_2: 2.59
2026-03-24 16:03:30,008 | INFO |    24. p_purchase_within_7d_trigger_t_3: 2.59
2026-03-24 16:03:30,008 | INFO |    25. avg_food_num: 2.57
2026-03-24 16:03:30,009 | INFO |    26. coffee_share_orders: 2.57
2026-03-24 16:03:30,009 | INFO |    27. total_spend_last_4w: 2.55
2026-03-24 16:03:30,009 | INFO |    28. mean_inter_purchase_interval_days: 2.54
2026-03-24 16:03:30,009 | INFO |    29. second_store_ratio: 2.54
2026-03-24 16:03:30,009 | INFO |    30. coupon_usage_rate: 2.52
2026-03-24 16:03:30,010 | INFO | 
Saved variable_importance_17.csv → /home/litao/Coffee/model-free/outputs/displacement_classification
2026-03-24 16:03:30,074 | INFO | 
================================================================================
2026-03-24 16:03:30,074 | INFO | Prediction Accuracy Table
2026-03-24 16:03:30,074 | INFO | ================================================================================
2026-03-24 16:03:30,077 | INFO |  accuracy  precision   recall       f1      fpr      fnr    n             group
 0.773333   0.571429 0.575540 0.573477 0.155440 0.424460  525 Treatment_Pre_t-1
 0.747392   0.645187 0.643140 0.644162 0.195101 0.356860 3547   Control_Pre_t-1
 0.737243   0.572363 0.631199 0.600343 0.214520 0.368801 3547 Control_During_t0
2026-03-24 16:03:30,078 | INFO | 
Saved prediction_accuracy_17.csv → /home/litao/Coffee/model-free/outputs/displacement_classification
2026-03-24 16:03:30,078 | INFO | 
Scoring full panel...
2026-03-24 16:03:30,340 | INFO | Saved scored panel (19,835 rows) → /home/litao/Coffee/model-free/outputs/displacement_classification/panel_with_scores_17.parquet
2026-03-24 16:03:30,427 | INFO | Saved score summary CSV → /home/litao/Coffee/model-free/outputs/displacement_classification/displacement_scores_17.csv
2026-03-24 16:03:31,310 | INFO | 
  Duration D=18: train n=11,385, eval_pre n=3,795, eval_during n=3,176
2026-03-24 16:03:31,340 | INFO | 
Saved model → /home/litao/Coffee/model-free/outputs/displacement_classification/displacement_model_18.json
2026-03-24 16:03:31,343 | INFO | 
================================================================================
2026-03-24 16:03:31,343 | INFO | Variable Importance Ranking (top 30)
2026-03-24 16:03:31,343 | INFO | ================================================================================
2026-03-24 16:03:31,344 | INFO |     1. purchases_per_week_last_2w: 17.25
2026-03-24 16:03:31,344 | INFO |     2. purchases_per_week_last_4w: 16.42
2026-03-24 16:03:31,344 | INFO |     3. total_purchase_days_pre: 13.38
2026-03-24 16:03:31,344 | INFO |     4. days_since_last_purchase: 11.94
2026-03-24 16:03:31,344 | INFO |     5. total_spend_last_4w: 4.60
2026-03-24 16:03:31,344 | INFO |     6. preferred_store_ratio: 4.47
2026-03-24 16:03:31,344 | INFO |     7. purchases_per_week_all_pre: 3.36
2026-03-24 16:03:31,345 | INFO |     8. std_inter_purchase_interval_days: 3.30
2026-03-24 16:03:31,345 | INFO |     9. share_weeks_with_purchase: 3.17
2026-03-24 16:03:31,345 | INFO |    10. p_purchase_within_7d_trigger_t_4: 3.16
2026-03-24 16:03:31,345 | INFO |    11. ratio_trigger_t_3_7d: 2.97
2026-03-24 16:03:31,345 | INFO |    12. ratio_trigger_t_2_14d: 2.87
2026-03-24 16:03:31,345 | INFO |    13. second_store_ratio: 2.80
2026-03-24 16:03:31,345 | INFO |    14. ratio_trigger_t_4_among_followed_by_purchase_7d: 2.76
2026-03-24 16:03:31,345 | INFO |    15. total_orders_pre: 2.75
2026-03-24 16:03:31,345 | INFO |    16. share_purchases_dow6: 2.74
2026-03-24 16:03:31,345 | INFO |    17. p_purchase_within_7d_trigger_t_3: 2.71
2026-03-24 16:03:31,345 | INFO |    18. mean_coupon_28d: 2.65
2026-03-24 16:03:31,346 | INFO |    19. share_push_discount_28d: 2.64
2026-03-24 16:03:31,346 | INFO |    20. coffee_share_orders: 2.64
2026-03-24 16:03:31,346 | INFO |    21. take_address_rate: 2.63
2026-03-24 16:03:31,346 | INFO |    22. mean_inter_purchase_interval_days: 2.57
2026-03-24 16:03:31,346 | INFO |    23. callphone: 2.55
2026-03-24 16:03:31,346 | INFO |    24. share_push_followed_by_purchase_7d: 2.55
2026-03-24 16:03:31,346 | INFO |    25. avg_coffee_num: 2.54
2026-03-24 16:03:31,346 | INFO |    26. mean_latency_days_trigger_t_4: 2.53
2026-03-24 16:03:31,346 | INFO |    27. p_purchase_within_7d_trigger_t_1: 2.52
2026-03-24 16:03:31,346 | INFO |    28. purchases_per_week_last_1w: 2.52
2026-03-24 16:03:31,346 | INFO |    29. share_purchases_dow5: 2.49
2026-03-24 16:03:31,347 | INFO |    30. level: 2.49
2026-03-24 16:03:31,347 | INFO | 
Saved variable_importance_18.csv → /home/litao/Coffee/model-free/outputs/displacement_classification
2026-03-24 16:03:31,404 | INFO | 
================================================================================
2026-03-24 16:03:31,404 | INFO | Prediction Accuracy Table
2026-03-24 16:03:31,404 | INFO | ================================================================================
2026-03-24 16:03:31,408 | INFO |  accuracy  precision   recall       f1      fpr      fnr    n             group
 0.749596   0.534884 0.550898 0.542773 0.176991 0.449102  619 Treatment_Pre_t-1
 0.778338   0.551479 0.589128 0.569682 0.158910 0.410872 3176   Control_Pre_t-1
 0.779912   0.508868 0.523876 0.516263 0.146104 0.476124 3176 Control_During_t0
2026-03-24 16:03:31,409 | INFO | 
Saved prediction_accuracy_18.csv → /home/litao/Coffee/model-free/outputs/displacement_classification
2026-03-24 16:03:31,409 | INFO | 
Scoring full panel...
2026-03-24 16:03:31,639 | INFO | Saved scored panel (18,356 rows) → /home/litao/Coffee/model-free/outputs/displacement_classification/panel_with_scores_18.parquet
2026-03-24 16:03:31,731 | INFO | Saved score summary CSV → /home/litao/Coffee/model-free/outputs/displacement_classification/displacement_scores_18.csv
2026-03-24 16:03:32,525 | INFO | 
  Duration D=23: train n=2,718, eval_pre n=906, eval_during n=758
2026-03-24 16:03:32,548 | INFO | 
Saved model → /home/litao/Coffee/model-free/outputs/displacement_classification/displacement_model_23.json
2026-03-24 16:03:32,551 | INFO | 
================================================================================
2026-03-24 16:03:32,551 | INFO | Variable Importance Ranking (top 30)
2026-03-24 16:03:32,551 | INFO | ================================================================================
2026-03-24 16:03:32,551 | INFO |     1. purchases_per_week_last_4w: 5.14
2026-03-24 16:03:32,551 | INFO |     2. ratio_trigger_t_4_28d: 4.37
2026-03-24 16:03:32,551 | INFO |     3. p_purchase_within_7d_trigger_t_4: 3.45
2026-03-24 16:03:32,552 | INFO |     4. total_spend_last_4w: 3.31
2026-03-24 16:03:32,552 | INFO |     5. total_purchase_days_pre: 3.16
2026-03-24 16:03:32,552 | INFO |     6. mean_coupon_28d: 2.24
2026-03-24 16:03:32,552 | INFO |     7. total_spend_last_2w: 1.72
2026-03-24 16:03:32,552 | INFO |     8. days_since_last_purchase: 1.68
2026-03-24 16:03:32,552 | INFO |     9. preferred_store_ratio: 1.63
2026-03-24 16:03:32,552 | INFO |    10. n_distinct_trigger_14d: 1.51
2026-03-24 16:03:32,552 | INFO |    11. purchases_per_week_all_pre: 1.48
2026-03-24 16:03:32,552 | INFO |    12. n_push_with_discount_28d: 1.47
2026-03-24 16:03:32,552 | INFO |    13. ratio_trigger_t_2_28d: 1.33
2026-03-24 16:03:32,553 | INFO |    14. mean_discount_28d: 1.33
2026-03-24 16:03:32,553 | INFO |    15. ratio_trigger_t_2_among_followed_by_purchase_7d: 1.32
2026-03-24 16:03:32,553 | INFO |    16. p_purchase_within_7d_trigger_t_2: 1.30
2026-03-24 16:03:32,553 | INFO |    17. ratio_trigger_t_4_14d: 1.28
2026-03-24 16:03:32,553 | INFO |    18. median_latency_push_to_purchase_days: 1.28
2026-03-24 16:03:32,553 | INFO |    19. total_orders_pre: 1.28
2026-03-24 16:03:32,553 | INFO |    20. avg_food_num: 1.27
2026-03-24 16:03:32,553 | INFO |    21. avg_delivery_pay: 1.27
2026-03-24 16:03:32,553 | INFO |    22. mean_latency_days_trigger_t_2: 1.26
2026-03-24 16:03:32,553 | INFO |    23. n_distinct_trigger_7d: 1.26
2026-03-24 16:03:32,553 | INFO |    24. ratio_trigger_t_1_among_followed_by_purchase_7d: 1.26
2026-03-24 16:03:32,554 | INFO |    25. share_weeks_with_purchase: 1.22
2026-03-24 16:03:32,554 | INFO |    26. n_push_since_last_purchase: 1.20
2026-03-24 16:03:32,554 | INFO |    27. ratio_trigger_t_1_14d: 1.19
2026-03-24 16:03:32,554 | INFO |    28. share_push_followed_by_purchase_7d: 1.18
2026-03-24 16:03:32,554 | INFO |    29. share_purchases_dow6: 1.16
2026-03-24 16:03:32,554 | INFO |    30. mean_latency_days_trigger_t_1: 1.15
2026-03-24 16:03:32,555 | INFO | 
Saved variable_importance_23.csv → /home/litao/Coffee/model-free/outputs/displacement_classification
2026-03-24 16:03:32,604 | INFO | 
================================================================================
2026-03-24 16:03:32,604 | INFO | Prediction Accuracy Table
2026-03-24 16:03:32,604 | INFO | ================================================================================
2026-03-24 16:03:32,607 | INFO |  accuracy  precision   recall       f1      fpr      fnr   n             group
 0.709459   0.764706 0.557143 0.644628 0.153846 0.442857 148 Treatment_Pre_t-1
 0.713720   0.635616 0.734177 0.681351 0.300905 0.265823 758   Control_Pre_t-1
 0.645119   0.468983 0.774590 0.584235 0.416342 0.225410 758 Control_During_t0
2026-03-24 16:03:32,608 | INFO | 
Saved prediction_accuracy_23.csv → /home/litao/Coffee/model-free/outputs/displacement_classification
2026-03-24 16:03:32,608 | INFO | 
Scoring full panel...
2026-03-24 16:03:32,665 | INFO | Saved scored panel (4,382 rows) → /home/litao/Coffee/model-free/outputs/displacement_classification/panel_with_scores_23.parquet
2026-03-24 16:03:32,706 | INFO | Saved score summary CSV → /home/litao/Coffee/model-free/outputs/displacement_classification/displacement_scores_23.csv
2026-03-24 16:03:33,616 | INFO | 
  Duration D=26: train n=15,255, eval_pre n=5,085, eval_during n=4,645
2026-03-24 16:03:33,661 | INFO | 
Saved model → /home/litao/Coffee/model-free/outputs/displacement_classification/displacement_model_26.json
2026-03-24 16:03:33,665 | INFO | 
================================================================================
2026-03-24 16:03:33,665 | INFO | Variable Importance Ranking (top 30)
2026-03-24 16:03:33,665 | INFO | ================================================================================
2026-03-24 16:03:33,665 | INFO |     1. purchases_per_week_last_4w: 42.52
2026-03-24 16:03:33,666 | INFO |     2. days_since_last_purchase: 18.79
2026-03-24 16:03:33,666 | INFO |     3. total_purchase_days_pre: 13.34
2026-03-24 16:03:33,666 | INFO |     4. purchases_per_week_last_2w: 11.86
2026-03-24 16:03:33,666 | INFO |     5. purchases_per_week_all_pre: 4.60
2026-03-24 16:03:33,666 | INFO |     6. preferred_store_ratio: 4.47
2026-03-24 16:03:33,667 | INFO |     7. total_orders_pre: 4.42
2026-03-24 16:03:33,667 | INFO |     8. share_weeks_with_purchase: 3.98
2026-03-24 16:03:33,667 | INFO |     9. second_store_ratio: 3.94
2026-03-24 16:03:33,667 | INFO |    10. std_inter_purchase_interval_days: 3.51
2026-03-24 16:03:33,667 | INFO |    11. ratio_trigger_t_3_among_followed_by_purchase_7d: 3.28
2026-03-24 16:03:33,667 | INFO |    12. coffee_share_orders: 3.14
2026-03-24 16:03:33,668 | INFO |    13. share_purchases_dow4: 3.07
2026-03-24 16:03:33,668 | INFO |    14. mean_latency_days_trigger_t_1: 3.05
2026-03-24 16:03:33,668 | INFO |    15. days_since_last_push: 3.02
2026-03-24 16:03:33,668 | INFO |    16. mean_latency_days_trigger_t_2: 3.02
2026-03-24 16:03:33,668 | INFO |    17. share_push_discount_28d: 2.97
2026-03-24 16:03:33,668 | INFO |    18. ratio_trigger_t_4_28d: 2.94
2026-03-24 16:03:33,669 | INFO |    19. ratio_trigger_t_1_14d: 2.92
2026-03-24 16:03:33,669 | INFO |    20. entropy_dow: 2.91
2026-03-24 16:03:33,669 | INFO |    21. mean_inter_purchase_interval_days: 2.90
2026-03-24 16:03:33,669 | INFO |    22. cv_inter_purchase_interval: 2.89
2026-03-24 16:03:33,669 | INFO |    23. max_gap_between_purchases: 2.89
2026-03-24 16:03:33,669 | INFO |    24. gender: 2.89
2026-03-24 16:03:33,670 | INFO |    25. level: 2.87
2026-03-24 16:03:33,670 | INFO |    26. p_purchase_within_7d_trigger_t_1: 2.87
2026-03-24 16:03:33,670 | INFO |    27. median_latency_push_to_purchase_days: 2.85
2026-03-24 16:03:33,670 | INFO |    28. ratio_trigger_t_2_28d: 2.83
2026-03-24 16:03:33,670 | INFO |    29. share_push_followed_by_purchase_7d: 2.82
2026-03-24 16:03:33,670 | INFO |    30. n_push_with_discount_28d: 2.82
2026-03-24 16:03:33,672 | INFO | 
Saved variable_importance_26.csv → /home/litao/Coffee/model-free/outputs/displacement_classification
2026-03-24 16:03:33,742 | INFO | 
================================================================================
2026-03-24 16:03:33,742 | INFO | Prediction Accuracy Table
2026-03-24 16:03:33,742 | INFO | ================================================================================
2026-03-24 16:03:33,745 | INFO |  accuracy  precision   recall       f1      fpr      fnr    n             group
 0.734091   0.712575 0.632979 0.670423 0.190476 0.367021  440 Treatment_Pre_t-1
 0.721206   0.684492 0.644836 0.664073 0.221805 0.355164 4645   Control_Pre_t-1
 0.688913   0.484672 0.661139 0.559317 0.299263 0.338861 4645 Control_During_t0
2026-03-24 16:03:33,746 | INFO | 
Saved prediction_accuracy_26.csv → /home/litao/Coffee/model-free/outputs/displacement_classification
2026-03-24 16:03:33,746 | INFO | 
Scoring full panel...
2026-03-24 16:03:33,990 | INFO | Saved scored panel (24,985 rows) → /home/litao/Coffee/model-free/outputs/displacement_classification/panel_with_scores_26.parquet
2026-03-24 16:03:34,107 | INFO | Saved score summary CSV → /home/litao/Coffee/model-free/outputs/displacement_classification/displacement_scores_26.csv
2026-03-24 16:03:35,005 | INFO | 
  Duration D=28: train n=9,285, eval_pre n=3,095, eval_during n=1,891
2026-03-24 16:03:35,038 | INFO | 
Saved model → /home/litao/Coffee/model-free/outputs/displacement_classification/displacement_model_28.json
2026-03-24 16:03:35,041 | INFO | 
================================================================================
2026-03-24 16:03:35,041 | INFO | Variable Importance Ranking (top 30)
2026-03-24 16:03:35,041 | INFO | ================================================================================
2026-03-24 16:03:35,041 | INFO |     1. purchases_per_week_last_4w: 18.14
2026-03-24 16:03:35,041 | INFO |     2. days_since_last_purchase: 15.17
2026-03-24 16:03:35,041 | INFO |     3. purchases_per_week_last_2w: 8.84
2026-03-24 16:03:35,041 | INFO |     4. total_purchase_days_pre: 7.26
2026-03-24 16:03:35,042 | INFO |     5. std_inter_purchase_interval_days: 3.60
2026-03-24 16:03:35,042 | INFO |     6. purchases_per_week_all_pre: 3.59
2026-03-24 16:03:35,042 | INFO |     7. total_orders_pre: 3.50
2026-03-24 16:03:35,042 | INFO |     8. preferred_store_ratio: 3.01
2026-03-24 16:03:35,042 | INFO |     9. purchases_per_week_last_1w: 2.81
2026-03-24 16:03:35,042 | INFO |    10. share_push_coupon_28d: 2.72
2026-03-24 16:03:35,042 | INFO |    11. longest_consecutive_streak_days: 2.69
2026-03-24 16:03:35,042 | INFO |    12. share_weeks_with_purchase: 2.67
2026-03-24 16:03:35,042 | INFO |    13. ratio_trigger_t_4_14d: 2.59
2026-03-24 16:03:35,042 | INFO |    14. ratio_trigger_t_3_among_followed_by_purchase_7d: 2.53
2026-03-24 16:03:35,042 | INFO |    15. p_purchase_within_7d_trigger_t_4: 2.50
2026-03-24 16:03:35,042 | INFO |    16. second_store_ratio: 2.45
2026-03-24 16:03:35,042 | INFO |    17. coffee_share_orders: 2.44
2026-03-24 16:03:35,043 | INFO |    18. ratio_trigger_t_4_7d: 2.38
2026-03-24 16:03:35,043 | INFO |    19. avg_basket_size: 2.37
2026-03-24 16:03:35,043 | INFO |    20. mean_latency_days_trigger_t_1: 2.36
2026-03-24 16:03:35,043 | INFO |    21. ratio_trigger_t_2_14d: 2.35
2026-03-24 16:03:35,043 | INFO |    22. ratio_trigger_t_3_14d: 2.35
2026-03-24 16:03:35,043 | INFO |    23. total_spend_pre: 2.32
2026-03-24 16:03:35,043 | INFO |    24. unique_stores_pre: 2.29
2026-03-24 16:03:35,043 | INFO |    25. ratio_trigger_t_1_among_followed_by_purchase_7d: 2.28
2026-03-24 16:03:35,043 | INFO |    26. mean_latency_days_trigger_t_2: 2.27
2026-03-24 16:03:35,043 | INFO |    27. n_distinct_trigger_7d: 2.27
2026-03-24 16:03:35,043 | INFO |    28. avg_delivery_pay: 2.24
2026-03-24 16:03:35,043 | INFO |    29. take_address_rate: 2.24
2026-03-24 16:03:35,043 | INFO |    30. median_latency_push_to_purchase_days: 2.21
2026-03-24 16:03:35,044 | INFO | 
Saved variable_importance_28.csv → /home/litao/Coffee/model-free/outputs/displacement_classification
2026-03-24 16:03:35,095 | INFO | 
================================================================================
2026-03-24 16:03:35,095 | INFO | Prediction Accuracy Table
2026-03-24 16:03:35,095 | INFO | ================================================================================
2026-03-24 16:03:35,098 | INFO |  accuracy  precision   recall       f1      fpr      fnr    n             group
 0.741694   0.748227 0.714044 0.730736 0.231648 0.285956 1204 Treatment_Pre_t-1
 0.728186   0.715881 0.669374 0.691847 0.222546 0.330626 1891   Control_Pre_t-1
 0.717610   0.575646 0.712329 0.636735 0.279579 0.287671 1891 Control_During_t0
2026-03-24 16:03:35,099 | INFO | 
Saved prediction_accuracy_28.csv → /home/litao/Coffee/model-free/outputs/displacement_classification
2026-03-24 16:03:35,099 | INFO | 
Scoring full panel...
2026-03-24 16:03:35,285 | INFO | Saved scored panel (14,271 rows) → /home/litao/Coffee/model-free/outputs/displacement_classification/panel_with_scores_28.parquet
2026-03-24 16:03:35,368 | INFO | Saved score summary CSV → /home/litao/Coffee/model-free/outputs/displacement_classification/displacement_scores_28.csv
2026-03-24 16:03:36,207 | INFO | 
  Duration D=29: train n=5,067, eval_pre n=1,689, eval_during n=974
2026-03-24 16:03:36,232 | INFO | 
Saved model → /home/litao/Coffee/model-free/outputs/displacement_classification/displacement_model_29.json
2026-03-24 16:03:36,235 | INFO | 
================================================================================
2026-03-24 16:03:36,235 | INFO | Variable Importance Ranking (top 30)
2026-03-24 16:03:36,235 | INFO | ================================================================================
2026-03-24 16:03:36,235 | INFO |     1. purchases_per_week_last_4w: 14.02
2026-03-24 16:03:36,235 | INFO |     2. purchases_per_week_last_2w: 9.30
2026-03-24 16:03:36,235 | INFO |     3. days_since_last_purchase: 8.38
2026-03-24 16:03:36,235 | INFO |     4. purchases_per_week_all_pre: 3.22
2026-03-24 16:03:36,235 | INFO |     5. total_purchase_days_pre: 2.83
2026-03-24 16:03:36,235 | INFO |     6. p_purchase_within_7d_trigger_t_4: 2.65
2026-03-24 16:03:36,236 | INFO |     7. std_inter_purchase_interval_days: 2.54
2026-03-24 16:03:36,236 | INFO |     8. purchases_per_week_last_1w: 2.52
2026-03-24 16:03:36,236 | INFO |     9. unique_stores_pre: 2.52
2026-03-24 16:03:36,236 | INFO |    10. preferred_store_ratio: 2.30
2026-03-24 16:03:36,236 | INFO |    11. mean_latency_days_trigger_t_3: 2.28
2026-03-24 16:03:36,236 | INFO |    12. share_weeks_with_purchase: 2.11
2026-03-24 16:03:36,236 | INFO |    13. ratio_trigger_t_4_among_followed_by_purchase_7d: 2.00
2026-03-24 16:03:36,236 | INFO |    14. second_store_ratio: 1.88
2026-03-24 16:03:36,236 | INFO |    15. gender: 1.84
2026-03-24 16:03:36,236 | INFO |    16. ratio_trigger_t_2_among_followed_by_purchase_7d: 1.84
2026-03-24 16:03:36,236 | INFO |    17. p_purchase_within_7d_trigger_t_1: 1.78
2026-03-24 16:03:36,236 | INFO |    18. mean_coupon_28d: 1.77
2026-03-24 16:03:36,236 | INFO |    19. ratio_trigger_t_1_among_followed_by_purchase_7d: 1.77
2026-03-24 16:03:36,237 | INFO |    20. mean_latency_days_trigger_t_1: 1.74
2026-03-24 16:03:36,237 | INFO |    21. share_purchases_dow1: 1.74
2026-03-24 16:03:36,237 | INFO |    22. n_order_categories_avg: 1.73
2026-03-24 16:03:36,237 | INFO |    23. mean_latency_days_trigger_t_4: 1.72
2026-03-24 16:03:36,237 | INFO |    24. avg_food_num: 1.70
2026-03-24 16:03:36,237 | INFO |    25. n_distinct_trigger_7d: 1.70
2026-03-24 16:03:36,237 | INFO |    26. take_address_rate: 1.70
2026-03-24 16:03:36,237 | INFO |    27. share_push_discount_28d: 1.68
2026-03-24 16:03:36,237 | INFO |    28. share_purchases_dow5: 1.65
2026-03-24 16:03:36,237 | INFO |    29. cv_inter_purchase_interval: 1.64
2026-03-24 16:03:36,237 | INFO |    30. longest_consecutive_streak_days: 1.64
2026-03-24 16:03:36,238 | INFO | 
Saved variable_importance_29.csv → /home/litao/Coffee/model-free/outputs/displacement_classification
2026-03-24 16:03:36,292 | INFO | 
================================================================================
2026-03-24 16:03:36,292 | INFO | Prediction Accuracy Table
2026-03-24 16:03:36,292 | INFO | ================================================================================
2026-03-24 16:03:36,295 | INFO |  accuracy  precision   recall       f1      fpr      fnr   n             group
 0.755245   0.780059 0.726776 0.752475 0.214900 0.273224 715 Treatment_Pre_t-1
 0.741273   0.746231 0.662946 0.702128 0.192015 0.337054 974   Control_Pre_t-1
 0.676591   0.540046 0.674286 0.599746 0.322115 0.325714 974 Control_During_t0
2026-03-24 16:03:36,296 | INFO | 
Saved prediction_accuracy_29.csv → /home/litao/Coffee/model-free/outputs/displacement_classification
2026-03-24 16:03:36,296 | INFO | 
Scoring full panel...
2026-03-24 16:03:36,373 | INFO | Saved scored panel (7,730 rows) → /home/litao/Coffee/model-free/outputs/displacement_classification/panel_with_scores_29.parquet
2026-03-24 16:03:36,444 | INFO | Saved score summary CSV → /home/litao/Coffee/model-free/outputs/displacement_classification/displacement_scores_29.csv
2026-03-24 16:03:36,681 | INFO | 
Saved ex-ante t0 scores: /home/litao/Coffee/model-free/outputs/displacement_classification/displacement_scores_t0_ex_ante.csv (44,858 rows)
2026-03-24 16:03:36,681 | INFO | 
================================================================================
2026-03-24 16:03:36,681 | INFO | Completed at 2026-03-24T16:03:36.681617
2026-03-24 16:03:36,681 | INFO | ================================================================================
