2026-05-31 22:25:26 | INFO | displacement_effect_estimation | Starting displacement effect estimation run
2026-05-31 22:25:26 | INFO | displacement_effect_estimation | Arguments: outcome=variety_seeking, t_horizon=4, cluster_col=member_id, closure_duration_days=False, separate_effect=False, select_recency_consumers=False, require_balanced_panel=False, drop_period0_purchasers=False, variety_seeking_mode=distinct, unbalanced_panel=True, use_did=False, variety_pre_novelty_heterogeneity=False, customer_median_split=True, output_dir=outputs/displacement_effect_estimation/assumption_gap_variety
2026-05-31 22:25:27 | INFO | displacement_effect_estimation | Applied closure registry filter using /home/litao/Coffee/model-free/outputs/customer-store/closure_pair_registry.csv: closures 22 -> 18 (dropped=4)
2026-05-31 22:25:40 | INFO | displacement_effect_estimation | Loaded commodity orders: 1,372,734 rows, 455,506 member-product pairs, 263 products, variety_seeking_mode=distinct
2026-05-31 22:25:41 | INFO | displacement_effect_estimation | Starting closure loop: total_closures=18 closure_duration_days=all
2026-05-31 22:25:41 | INFO | displacement_effect_estimation | Closure 1/18 done: dept_id=46 closure_start=2021-08-04 members=2720 rows=21760 duration_days=16 period0_treated_dropped=0 period0_control_no_purchase_dropped=0 elapsed=0.58s
2026-05-31 22:25:42 | INFO | displacement_effect_estimation | Closure 2/18 done: dept_id=59 closure_start=2021-08-03 members=3186 rows=25488 duration_days=17 period0_treated_dropped=0 period0_control_no_purchase_dropped=0 elapsed=0.56s
2026-05-31 22:25:42 | INFO | displacement_effect_estimation | Closure 3/18 done: dept_id=124 closure_start=2021-07-22 members=3095 rows=24760 duration_days=28 period0_treated_dropped=0 period0_control_no_purchase_dropped=0 elapsed=0.60s
2026-05-31 22:25:43 | INFO | displacement_effect_estimation | Closure 4/18 done: dept_id=133 closure_start=2021-07-28 members=2194 rows=17552 duration_days=26 period0_treated_dropped=0 period0_control_no_purchase_dropped=0 elapsed=0.59s
2026-05-31 22:25:43 | INFO | displacement_effect_estimation | Closure 5/18 done: dept_id=121 closure_start=2021-08-03 members=2218 rows=17744 duration_days=18 period0_treated_dropped=0 period0_control_no_purchase_dropped=0 elapsed=0.50s
2026-05-31 22:25:44 | INFO | displacement_effect_estimation | Closure 6/18 done: dept_id=62 closure_start=2021-08-04 members=2644 rows=21152 duration_days=14 period0_treated_dropped=0 period0_control_no_purchase_dropped=0 elapsed=0.52s
2026-05-31 22:25:44 | INFO | displacement_effect_estimation | Closure 7/18 done: dept_id=47 closure_start=2021-07-30 members=3384 rows=27072 duration_days=12 period0_treated_dropped=0 period0_control_no_purchase_dropped=0 elapsed=0.53s
2026-05-31 22:25:45 | INFO | displacement_effect_estimation | Closure 8/18 done: dept_id=220 closure_start=2021-08-03 members=1834 rows=14672 duration_days=10 period0_treated_dropped=0 period0_control_no_purchase_dropped=0 elapsed=0.50s
2026-05-31 22:25:45 | INFO | displacement_effect_estimation | Closure 9/18 done: dept_id=5 closure_start=2021-08-18 members=2439 rows=19512 duration_days=14 period0_treated_dropped=0 period0_control_no_purchase_dropped=0 elapsed=0.58s
2026-05-31 22:25:46 | INFO | displacement_effect_estimation | Closure 10/18 done: dept_id=19 closure_start=2021-07-15 members=3301 rows=26408 duration_days=11 period0_treated_dropped=0 period0_control_no_purchase_dropped=0 elapsed=0.56s
2026-05-31 22:25:47 | INFO | displacement_effect_estimation | Closure 11/18 done: dept_id=3 closure_start=2021-08-09 members=1486 rows=11888 duration_days=14 period0_treated_dropped=0 period0_control_no_purchase_dropped=0 elapsed=0.51s
2026-05-31 22:25:47 | INFO | displacement_effect_estimation | Closure 12/18 done: dept_id=39 closure_start=2021-07-25 members=2891 rows=23128 duration_days=26 period0_treated_dropped=0 period0_control_no_purchase_dropped=0 elapsed=0.57s
2026-05-31 22:25:48 | INFO | displacement_effect_estimation | Closure 13/18 done: dept_id=182 closure_start=2021-08-03 members=1577 rows=12616 duration_days=18 period0_treated_dropped=0 period0_control_no_purchase_dropped=0 elapsed=0.55s
2026-05-31 22:25:48 | INFO | displacement_effect_estimation | Closure 14/18 done: dept_id=44 closure_start=2021-07-24 members=1563 rows=12504 duration_days=13 period0_treated_dropped=0 period0_control_no_purchase_dropped=0 elapsed=0.55s
2026-05-31 22:25:49 | INFO | displacement_effect_estimation | Closure 15/18 done: dept_id=8 closure_start=2021-05-27 members=674 rows=5392 duration_days=15 period0_treated_dropped=0 period0_control_no_purchase_dropped=0 elapsed=0.54s
2026-05-31 22:25:49 | INFO | displacement_effect_estimation | Closure 16/18 done: dept_id=131 closure_start=2021-08-29 members=2713 rows=21704 duration_days=11 period0_treated_dropped=0 period0_control_no_purchase_dropped=0 elapsed=0.51s
2026-05-31 22:25:50 | INFO | displacement_effect_estimation | Closure 17/18 done: dept_id=238 closure_start=2021-07-24 members=1689 rows=13512 duration_days=29 period0_treated_dropped=0 period0_control_no_purchase_dropped=0 elapsed=0.53s
2026-05-31 22:25:50 | INFO | displacement_effect_estimation | Closure 18/18 done: dept_id=246 closure_start=2021-07-27 members=540 rows=4320 duration_days=13 period0_treated_dropped=0 period0_control_no_purchase_dropped=0 elapsed=0.54s
2026-05-31 22:25:50 | INFO | displacement_effect_estimation | Closure loop completed in 9.82s
2026-05-31 22:25:51 | INFO | displacement_effect_estimation | Built estimation sample: 321,184 rows
2026-05-31 22:26:04 | INFO | displacement_effect_estimation | Built matched sample: rows=87,648 episode_rows=10,956
2026-05-31 22:27:17 | INFO | displacement_effect_estimation | Starting displacement effect estimation run
2026-05-31 22:27:17 | INFO | displacement_effect_estimation | Arguments: outcome=variety_seeking, t_horizon=4, cluster_col=member_id, closure_duration_days=False, separate_effect=False, select_recency_consumers=False, require_balanced_panel=False, drop_period0_purchasers=False, variety_seeking_mode=distinct, unbalanced_panel=True, use_did=False, variety_pre_novelty_heterogeneity=False, customer_median_split=True, output_dir=outputs/displacement_effect_estimation/assumption_gap_variety
2026-05-31 22:27:18 | INFO | displacement_effect_estimation | Applied closure registry filter using /home/litao/Coffee/model-free/outputs/customer-store/closure_pair_registry.csv: closures 22 -> 18 (dropped=4)
2026-05-31 22:27:31 | INFO | displacement_effect_estimation | Loaded commodity orders: 1,372,734 rows, 455,506 member-product pairs, 263 products, variety_seeking_mode=distinct
2026-05-31 22:27:31 | INFO | displacement_effect_estimation | Starting closure loop: total_closures=18 closure_duration_days=all
2026-05-31 22:27:31 | INFO | displacement_effect_estimation | Closure 1/18 done: dept_id=46 closure_start=2021-08-04 members=2720 rows=21760 duration_days=16 period0_treated_dropped=0 period0_control_no_purchase_dropped=0 elapsed=0.57s
2026-05-31 22:27:32 | INFO | displacement_effect_estimation | Closure 2/18 done: dept_id=59 closure_start=2021-08-03 members=3186 rows=25488 duration_days=17 period0_treated_dropped=0 period0_control_no_purchase_dropped=0 elapsed=0.56s
2026-05-31 22:27:33 | INFO | displacement_effect_estimation | Closure 3/18 done: dept_id=124 closure_start=2021-07-22 members=3095 rows=24760 duration_days=28 period0_treated_dropped=0 period0_control_no_purchase_dropped=0 elapsed=0.59s
2026-05-31 22:27:33 | INFO | displacement_effect_estimation | Closure 4/18 done: dept_id=133 closure_start=2021-07-28 members=2194 rows=17552 duration_days=26 period0_treated_dropped=0 period0_control_no_purchase_dropped=0 elapsed=0.53s
2026-05-31 22:27:34 | INFO | displacement_effect_estimation | Closure 5/18 done: dept_id=121 closure_start=2021-08-03 members=2218 rows=17744 duration_days=18 period0_treated_dropped=0 period0_control_no_purchase_dropped=0 elapsed=0.52s
2026-05-31 22:27:34 | INFO | displacement_effect_estimation | Closure 6/18 done: dept_id=62 closure_start=2021-08-04 members=2644 rows=21152 duration_days=14 period0_treated_dropped=0 period0_control_no_purchase_dropped=0 elapsed=0.54s
2026-05-31 22:27:35 | INFO | displacement_effect_estimation | Closure 7/18 done: dept_id=47 closure_start=2021-07-30 members=3384 rows=27072 duration_days=12 period0_treated_dropped=0 period0_control_no_purchase_dropped=0 elapsed=0.55s
2026-05-31 22:27:35 | INFO | displacement_effect_estimation | Closure 8/18 done: dept_id=220 closure_start=2021-08-03 members=1834 rows=14672 duration_days=10 period0_treated_dropped=0 period0_control_no_purchase_dropped=0 elapsed=0.57s
2026-05-31 22:27:36 | INFO | displacement_effect_estimation | Closure 9/18 done: dept_id=5 closure_start=2021-08-18 members=2439 rows=19512 duration_days=14 period0_treated_dropped=0 period0_control_no_purchase_dropped=0 elapsed=0.54s
2026-05-31 22:27:36 | INFO | displacement_effect_estimation | Closure 10/18 done: dept_id=19 closure_start=2021-07-15 members=3301 rows=26408 duration_days=11 period0_treated_dropped=0 period0_control_no_purchase_dropped=0 elapsed=0.52s
2026-05-31 22:27:37 | INFO | displacement_effect_estimation | Closure 11/18 done: dept_id=3 closure_start=2021-08-09 members=1486 rows=11888 duration_days=14 period0_treated_dropped=0 period0_control_no_purchase_dropped=0 elapsed=0.50s
2026-05-31 22:27:37 | INFO | displacement_effect_estimation | Closure 12/18 done: dept_id=39 closure_start=2021-07-25 members=2891 rows=23128 duration_days=26 period0_treated_dropped=0 period0_control_no_purchase_dropped=0 elapsed=0.59s
2026-05-31 22:27:38 | INFO | displacement_effect_estimation | Closure 13/18 done: dept_id=182 closure_start=2021-08-03 members=1577 rows=12616 duration_days=18 period0_treated_dropped=0 period0_control_no_purchase_dropped=0 elapsed=0.53s
2026-05-31 22:27:39 | INFO | displacement_effect_estimation | Closure 14/18 done: dept_id=44 closure_start=2021-07-24 members=1563 rows=12504 duration_days=13 period0_treated_dropped=0 period0_control_no_purchase_dropped=0 elapsed=0.55s
2026-05-31 22:27:39 | INFO | displacement_effect_estimation | Closure 15/18 done: dept_id=8 closure_start=2021-05-27 members=674 rows=5392 duration_days=15 period0_treated_dropped=0 period0_control_no_purchase_dropped=0 elapsed=0.52s
2026-05-31 22:27:40 | INFO | displacement_effect_estimation | Closure 16/18 done: dept_id=131 closure_start=2021-08-29 members=2713 rows=21704 duration_days=11 period0_treated_dropped=0 period0_control_no_purchase_dropped=0 elapsed=0.53s
2026-05-31 22:27:40 | INFO | displacement_effect_estimation | Closure 17/18 done: dept_id=238 closure_start=2021-07-24 members=1689 rows=13512 duration_days=29 period0_treated_dropped=0 period0_control_no_purchase_dropped=0 elapsed=0.54s
2026-05-31 22:27:41 | INFO | displacement_effect_estimation | Closure 18/18 done: dept_id=246 closure_start=2021-07-27 members=540 rows=4320 duration_days=13 period0_treated_dropped=0 period0_control_no_purchase_dropped=0 elapsed=0.52s
2026-05-31 22:27:41 | INFO | displacement_effect_estimation | Closure loop completed in 9.77s
2026-05-31 22:27:41 | INFO | displacement_effect_estimation | Built estimation sample: 321,184 rows
2026-05-31 22:27:54 | INFO | displacement_effect_estimation | Built matched sample: rows=87,648 episode_rows=10,956
2026-05-31 22:28:40 | INFO | displacement_effect_estimation | Fitted aggregate collapsed/event-study specs
2026-05-31 22:28:51 | INFO | displacement_effect_estimation | Saved outputs to: /home/litao/Coffee/model-free/outputs/displacement_effect_estimation/assumption_gap_variety
2026-05-31 22:28:51 | INFO | displacement_effect_estimation | Rows in estimation sample: 321,184
